<?xml version="1.0" encoding="ISO-8859-1" ?>
<link_info>
   <banner>MSP430 Linker PC v18.1.4.LTS</banner>
   <copyright>Copyright (c) 2003-2018 Texas Instruments Incorporated</copyright>
   <link_time>0x5d2254db</link_time>
   <link_errors>0x0</link_errors>
   <output_file>keypad_new.out</output_file>
   <entry_point>
      <name>_c_int00_noargs</name>
      <address>0xd0e6</address>
   </entry_point>
   <input_file_list>
      <input_file id="fl-2">
         <path>.\</path>
         <kind>object</kind>
         <file>blink.obj</file>
         <name>blink.obj</name>
      </input_file>
      <input_file id="fl-3">
         <path>.\</path>
         <kind>object</kind>
         <file>hal_LCD.obj</file>
         <name>hal_LCD.obj</name>
      </input_file>
      <input_file id="fl-4">
         <path>.\driverlib\MSP430FR2xx_4xx\</path>
         <kind>object</kind>
         <file>adc.obj</file>
         <name>adc.obj</name>
      </input_file>
      <input_file id="fl-5">
         <path>.\driverlib\MSP430FR2xx_4xx\</path>
         <kind>object</kind>
         <file>crc.obj</file>
         <name>crc.obj</name>
      </input_file>
      <input_file id="fl-6">
         <path>.\driverlib\MSP430FR2xx_4xx\</path>
         <kind>object</kind>
         <file>cs.obj</file>
         <name>cs.obj</name>
      </input_file>
      <input_file id="fl-7">
         <path>.\driverlib\MSP430FR2xx_4xx\</path>
         <kind>object</kind>
         <file>ecomp.obj</file>
         <name>ecomp.obj</name>
      </input_file>
      <input_file id="fl-8">
         <path>.\driverlib\MSP430FR2xx_4xx\</path>
         <kind>object</kind>
         <file>eusci_a_spi.obj</file>
         <name>eusci_a_spi.obj</name>
      </input_file>
      <input_file id="fl-9">
         <path>.\driverlib\MSP430FR2xx_4xx\</path>
         <kind>object</kind>
         <file>eusci_a_uart.obj</file>
         <name>eusci_a_uart.obj</name>
      </input_file>
      <input_file id="fl-a">
         <path>.\driverlib\MSP430FR2xx_4xx\</path>
         <kind>object</kind>
         <file>eusci_b_i2c.obj</file>
         <name>eusci_b_i2c.obj</name>
      </input_file>
      <input_file id="fl-b">
         <path>.\driverlib\MSP430FR2xx_4xx\</path>
         <kind>object</kind>
         <file>eusci_b_spi.obj</file>
         <name>eusci_b_spi.obj</name>
      </input_file>
      <input_file id="fl-c">
         <path>.\driverlib\MSP430FR2xx_4xx\</path>
         <kind>object</kind>
         <file>framctl.obj</file>
         <name>framctl.obj</name>
      </input_file>
      <input_file id="fl-d">
         <path>.\driverlib\MSP430FR2xx_4xx\</path>
         <kind>object</kind>
         <file>gpio.obj</file>
         <name>gpio.obj</name>
      </input_file>
      <input_file id="fl-e">
         <path>.\driverlib\MSP430FR2xx_4xx\</path>
         <kind>object</kind>
         <file>icc.obj</file>
         <name>icc.obj</name>
      </input_file>
      <input_file id="fl-f">
         <path>.\driverlib\MSP430FR2xx_4xx\</path>
         <kind>object</kind>
         <file>lcd_e.obj</file>
         <name>lcd_e.obj</name>
      </input_file>
      <input_file id="fl-10">
         <path>.\driverlib\MSP430FR2xx_4xx\</path>
         <kind>object</kind>
         <file>mpy32.obj</file>
         <name>mpy32.obj</name>
      </input_file>
      <input_file id="fl-11">
         <path>.\driverlib\MSP430FR2xx_4xx\</path>
         <kind>object</kind>
         <file>pmm.obj</file>
         <name>pmm.obj</name>
      </input_file>
      <input_file id="fl-12">
         <path>.\driverlib\MSP430FR2xx_4xx\</path>
         <kind>object</kind>
         <file>rtc.obj</file>
         <name>rtc.obj</name>
      </input_file>
      <input_file id="fl-13">
         <path>.\driverlib\MSP430FR2xx_4xx\</path>
         <kind>object</kind>
         <file>sac.obj</file>
         <name>sac.obj</name>
      </input_file>
      <input_file id="fl-14">
         <path>.\driverlib\MSP430FR2xx_4xx\</path>
         <kind>object</kind>
         <file>sfr.obj</file>
         <name>sfr.obj</name>
      </input_file>
      <input_file id="fl-15">
         <path>.\driverlib\MSP430FR2xx_4xx\</path>
         <kind>object</kind>
         <file>sysctl.obj</file>
         <name>sysctl.obj</name>
      </input_file>
      <input_file id="fl-16">
         <path>.\driverlib\MSP430FR2xx_4xx\</path>
         <kind>object</kind>
         <file>tia.obj</file>
         <name>tia.obj</name>
      </input_file>
      <input_file id="fl-17">
         <path>.\driverlib\MSP430FR2xx_4xx\</path>
         <kind>object</kind>
         <file>timer_a.obj</file>
         <name>timer_a.obj</name>
      </input_file>
      <input_file id="fl-18">
         <path>.\driverlib\MSP430FR2xx_4xx\</path>
         <kind>object</kind>
         <file>timer_b.obj</file>
         <name>timer_b.obj</name>
      </input_file>
      <input_file id="fl-19">
         <path>.\driverlib\MSP430FR2xx_4xx\</path>
         <kind>object</kind>
         <file>tlv.obj</file>
         <name>tlv.obj</name>
      </input_file>
      <input_file id="fl-1a">
         <path>.\driverlib\MSP430FR2xx_4xx\</path>
         <kind>object</kind>
         <file>wdt_a.obj</file>
         <name>wdt_a.obj</name>
      </input_file>
      <input_file id="fl-1f">
         <kind>object</kind>
         <file>&lt;internal&gt;</file>
         <name>&lt;internal&gt;</name>
      </input_file>
      <input_file id="fl-35">
         <path>C:\Software\ccs83\ccsv8\tools\compiler\ti-cgt-msp430_18.1.4.LTS\lib\</path>
         <kind>archive</kind>
         <file>rts430x_lc_sd_eabi.lib</file>
         <name>div16s.asm.obj</name>
      </input_file>
      <input_file id="fl-36">
         <path>C:\Software\ccs83\ccsv8\tools\compiler\ti-cgt-msp430_18.1.4.LTS\lib\</path>
         <kind>archive</kind>
         <file>rts430x_lc_sd_eabi.lib</file>
         <name>div16u.asm.obj</name>
      </input_file>
      <input_file id="fl-37">
         <path>C:\Software\ccs83\ccsv8\tools\compiler\ti-cgt-msp430_18.1.4.LTS\lib\</path>
         <kind>archive</kind>
         <file>rts430x_lc_sd_eabi.lib</file>
         <name>div32s.asm.obj</name>
      </input_file>
      <input_file id="fl-38">
         <path>C:\Software\ccs83\ccsv8\tools\compiler\ti-cgt-msp430_18.1.4.LTS\lib\</path>
         <kind>archive</kind>
         <file>rts430x_lc_sd_eabi.lib</file>
         <name>div32u.asm.obj</name>
      </input_file>
      <input_file id="fl-39">
         <path>C:\Software\ccs83\ccsv8\tools\compiler\ti-cgt-msp430_18.1.4.LTS\lib\</path>
         <kind>archive</kind>
         <file>rts430x_lc_sd_eabi.lib</file>
         <name>int45.asm.obj</name>
      </input_file>
      <input_file id="fl-3a">
         <path>C:\Software\ccs83\ccsv8\tools\compiler\ti-cgt-msp430_18.1.4.LTS\lib\</path>
         <kind>archive</kind>
         <file>rts430x_lc_sd_eabi.lib</file>
         <name>int46.asm.obj</name>
      </input_file>
      <input_file id="fl-3b">
         <path>C:\Software\ccs83\ccsv8\tools\compiler\ti-cgt-msp430_18.1.4.LTS\lib\</path>
         <kind>archive</kind>
         <file>rts430x_lc_sd_eabi.lib</file>
         <name>int48.asm.obj</name>
      </input_file>
      <input_file id="fl-3c">
         <path>C:\Software\ccs83\ccsv8\tools\compiler\ti-cgt-msp430_18.1.4.LTS\lib\</path>
         <kind>archive</kind>
         <file>rts430x_lc_sd_eabi.lib</file>
         <name>int49.asm.obj</name>
      </input_file>
      <input_file id="fl-3d">
         <path>C:\Software\ccs83\ccsv8\tools\compiler\ti-cgt-msp430_18.1.4.LTS\lib\</path>
         <kind>archive</kind>
         <file>rts430x_lc_sd_eabi.lib</file>
         <name>int50.asm.obj</name>
      </input_file>
      <input_file id="fl-3e">
         <path>C:\Software\ccs83\ccsv8\tools\compiler\ti-cgt-msp430_18.1.4.LTS\lib\</path>
         <kind>archive</kind>
         <file>rts430x_lc_sd_eabi.lib</file>
         <name>int51.asm.obj</name>
      </input_file>
      <input_file id="fl-3f">
         <path>C:\Software\ccs83\ccsv8\tools\compiler\ti-cgt-msp430_18.1.4.LTS\lib\</path>
         <kind>archive</kind>
         <file>rts430x_lc_sd_eabi.lib</file>
         <name>int53.asm.obj</name>
      </input_file>
      <input_file id="fl-40">
         <path>C:\Software\ccs83\ccsv8\tools\compiler\ti-cgt-msp430_18.1.4.LTS\lib\</path>
         <kind>archive</kind>
         <file>rts430x_lc_sd_eabi.lib</file>
         <name>int54.asm.obj</name>
      </input_file>
      <input_file id="fl-41">
         <path>C:\Software\ccs83\ccsv8\tools\compiler\ti-cgt-msp430_18.1.4.LTS\lib\</path>
         <kind>archive</kind>
         <file>rts430x_lc_sd_eabi.lib</file>
         <name>int55.asm.obj</name>
      </input_file>
      <input_file id="fl-42">
         <path>C:\Software\ccs83\ccsv8\tools\compiler\ti-cgt-msp430_18.1.4.LTS\lib\</path>
         <kind>archive</kind>
         <file>rts430x_lc_sd_eabi.lib</file>
         <name>int56.asm.obj</name>
      </input_file>
      <input_file id="fl-43">
         <path>C:\Software\ccs83\ccsv8\tools\compiler\ti-cgt-msp430_18.1.4.LTS\lib\</path>
         <kind>archive</kind>
         <file>rts430x_lc_sd_eabi.lib</file>
         <name>int57.asm.obj</name>
      </input_file>
      <input_file id="fl-44">
         <path>C:\Software\ccs83\ccsv8\tools\compiler\ti-cgt-msp430_18.1.4.LTS\lib\</path>
         <kind>archive</kind>
         <file>rts430x_lc_sd_eabi.lib</file>
         <name>int58.asm.obj</name>
      </input_file>
      <input_file id="fl-45">
         <path>C:\Software\ccs83\ccsv8\tools\compiler\ti-cgt-msp430_18.1.4.LTS\lib\</path>
         <kind>archive</kind>
         <file>rts430x_lc_sd_eabi.lib</file>
         <name>isr_trap.asm.obj</name>
      </input_file>
      <input_file id="fl-46">
         <path>C:\Software\ccs83\ccsv8\tools\compiler\ti-cgt-msp430_18.1.4.LTS\lib\</path>
         <kind>archive</kind>
         <file>rts430x_lc_sd_eabi.lib</file>
         <name>lsl16.asm.obj</name>
      </input_file>
      <input_file id="fl-47">
         <path>C:\Software\ccs83\ccsv8\tools\compiler\ti-cgt-msp430_18.1.4.LTS\lib\</path>
         <kind>archive</kind>
         <file>rts430x_lc_sd_eabi.lib</file>
         <name>lsr16.asm.obj</name>
      </input_file>
      <input_file id="fl-48">
         <path>C:\Software\ccs83\ccsv8\tools\compiler\ti-cgt-msp430_18.1.4.LTS\lib\</path>
         <kind>archive</kind>
         <file>rts430x_lc_sd_eabi.lib</file>
         <name>mult32.asm.obj</name>
      </input_file>
      <input_file id="fl-49">
         <path>C:\Software\ccs83\ccsv8\tools\compiler\ti-cgt-msp430_18.1.4.LTS\lib\</path>
         <kind>archive</kind>
         <file>rts430x_lc_sd_eabi.lib</file>
         <name>boot.c.obj</name>
      </input_file>
      <input_file id="fl-4a">
         <path>C:\Software\ccs83\ccsv8\tools\compiler\ti-cgt-msp430_18.1.4.LTS\lib\</path>
         <kind>archive</kind>
         <file>rts430x_lc_sd_eabi.lib</file>
         <name>autoinit.c.obj</name>
      </input_file>
      <input_file id="fl-4b">
         <path>C:\Software\ccs83\ccsv8\tools\compiler\ti-cgt-msp430_18.1.4.LTS\lib\</path>
         <kind>archive</kind>
         <file>rts430x_lc_sd_eabi.lib</file>
         <name>copy_zero_init.c.obj</name>
      </input_file>
      <input_file id="fl-4c">
         <path>C:\Software\ccs83\ccsv8\tools\compiler\ti-cgt-msp430_18.1.4.LTS\lib\</path>
         <kind>archive</kind>
         <file>rts430x_lc_sd_eabi.lib</file>
         <name>cpy_tbl.c.obj</name>
      </input_file>
      <input_file id="fl-4d">
         <path>C:\Software\ccs83\ccsv8\tools\compiler\ti-cgt-msp430_18.1.4.LTS\lib\</path>
         <kind>archive</kind>
         <file>rts430x_lc_sd_eabi.lib</file>
         <name>mpu_init.c.obj</name>
      </input_file>
      <input_file id="fl-4e">
         <path>C:\Software\ccs83\ccsv8\tools\compiler\ti-cgt-msp430_18.1.4.LTS\lib\</path>
         <kind>archive</kind>
         <file>rts430x_lc_sd_eabi.lib</file>
         <name>pre_init.c.obj</name>
      </input_file>
      <input_file id="fl-4f">
         <path>C:\Software\ccs83\ccsv8\tools\compiler\ti-cgt-msp430_18.1.4.LTS\lib\</path>
         <kind>archive</kind>
         <file>rts430x_lc_sd_eabi.lib</file>
         <name>startup.c.obj</name>
      </input_file>
      <input_file id="fl-50">
         <path>C:\Software\ccs83\ccsv8\tools\compiler\ti-cgt-msp430_18.1.4.LTS\lib\</path>
         <kind>archive</kind>
         <file>rts430x_lc_sd_eabi.lib</file>
         <name>copy_decompress_none.c.obj</name>
      </input_file>
      <input_file id="fl-51">
         <path>C:\Software\ccs83\ccsv8\tools\compiler\ti-cgt-msp430_18.1.4.LTS\lib\</path>
         <kind>archive</kind>
         <file>rts430x_lc_sd_eabi.lib</file>
         <name>copy_decompress_lzss.c.obj</name>
      </input_file>
      <input_file id="fl-52">
         <path>C:\Software\ccs83\ccsv8\tools\compiler\ti-cgt-msp430_18.1.4.LTS\lib\</path>
         <kind>archive</kind>
         <file>rts430x_lc_sd_eabi.lib</file>
         <name>exit.c.obj</name>
      </input_file>
      <input_file id="fl-53">
         <path>C:\Software\ccs83\ccsv8\tools\compiler\ti-cgt-msp430_18.1.4.LTS\lib\</path>
         <kind>archive</kind>
         <file>rts430x_lc_sd_eabi.lib</file>
         <name>_lock.c.obj</name>
      </input_file>
      <input_file id="fl-54">
         <path>C:\Software\ccs83\ccsv8\tools\compiler\ti-cgt-msp430_18.1.4.LTS\lib\</path>
         <kind>archive</kind>
         <file>rts430x_lc_sd_eabi.lib</file>
         <name>args_main.c.obj</name>
      </input_file>
      <input_file id="fl-55">
         <path>C:\Software\ccs83\ccsv8\tools\compiler\ti-cgt-msp430_18.1.4.LTS\lib\</path>
         <kind>archive</kind>
         <file>rts430x_lc_sd_eabi.lib</file>
         <name>memcpy.c.obj</name>
      </input_file>
      <input_file id="fl-56">
         <path>C:\Software\ccs83\ccsv8\tools\compiler\ti-cgt-msp430_18.1.4.LTS\lib\</path>
         <kind>archive</kind>
         <file>rts430x_lc_sd_eabi.lib</file>
         <name>strlen.c.obj</name>
      </input_file>
      <input_file id="fl-57">
         <path>C:\Software\ccs83\ccsv8\tools\compiler\ti-cgt-msp430_18.1.4.LTS\lib\</path>
         <kind>archive</kind>
         <file>rts430x_lc_sd_eabi.lib</file>
         <name>cpy_util.asm.obj</name>
      </input_file>
      <input_file id="fl-58">
         <path>C:\Software\ccs83\ccsv8\tools\compiler\ti-cgt-msp430_18.1.4.LTS\lib\</path>
         <kind>archive</kind>
         <file>rts430x_lc_sd_eabi.lib</file>
         <name>mult16.asm.obj</name>
      </input_file>
      <input_file id="fl-59">
         <path>C:\Software\ccs83\ccsv8\tools\compiler\ti-cgt-msp430_18.1.4.LTS\lib\</path>
         <kind>archive</kind>
         <file>rts430x_lc_sd_eabi.lib</file>
         <name>exit_gvars.c.obj</name>
      </input_file>
   </input_file_list>
   <object_component_list>
      <object_component id="oc-5b0">
         <name>.cinit..data.load</name>
         <load_address>0xc400</load_address>
         <run_address>0xc400</run_address>
         <size>0x11</size>
      </object_component>
      <object_component id="oc-5ad">
         <name>__TI_handler_table</name>
         <load_address>0xc412</load_address>
         <run_address>0xc412</run_address>
         <size>0xc</size>
      </object_component>
      <object_component id="oc-5af">
         <name>.cinit..bss.load</name>
         <load_address>0xc41e</load_address>
         <run_address>0xc41e</run_address>
         <size>0x6</size>
      </object_component>
      <object_component id="oc-5ae">
         <name>__TI_cinit_table</name>
         <load_address>0xc424</load_address>
         <run_address>0xc424</run_address>
         <size>0x10</size>
      </object_component>
      <object_component id="oc-545">
         <name>.binit</name>
         <load_address>0xc434</load_address>
         <run_address>0xc434</run_address>
         <size>0x0</size>
      </object_component>
      <object_component id="oc-40b">
         <name>.const:alphabetBig</name>
         <load_address>0xc434</load_address>
         <run_address>0xc434</run_address>
         <size>0x34</size>
         <input_file_ref idref="fl-3"/>
      </object_component>
      <object_component id="oc-355">
         <name>.const:GPIO_PORT_TO_BASE</name>
         <load_address>0xc468</load_address>
         <run_address>0xc468</run_address>
         <size>0x1c</size>
         <input_file_ref idref="fl-d"/>
      </object_component>
      <object_component id="oc-40e">
         <name>.const:digit</name>
         <load_address>0xc484</load_address>
         <run_address>0xc484</run_address>
         <size>0x14</size>
         <input_file_ref idref="fl-3"/>
      </object_component>
      <object_component id="oc-466">
         <name>.const:LCD_E_INIT_PARAM</name>
         <load_address>0xc498</load_address>
         <run_address>0xc498</run_address>
         <size>0xa</size>
         <input_file_ref idref="fl-f"/>
      </object_component>
      <object_component id="oc-372">
         <name>.const:.string:$P$T0$1</name>
         <load_address>0xc4a2</load_address>
         <run_address>0xc4a2</run_address>
         <size>0x6</size>
         <input_file_ref idref="fl-3"/>
      </object_component>
      <object_component id="oc-2ee">
         <name>.text:Key</name>
         <load_address>0xc4a8</load_address>
         <run_address>0xc4a8</run_address>
         <size>0x22a</size>
         <input_file_ref idref="fl-2"/>
      </object_component>
      <object_component id="oc-390">
         <name>.text:setupKeypad</name>
         <load_address>0xc6d2</load_address>
         <run_address>0xc6d2</run_address>
         <size>0x108</size>
         <input_file_ref idref="fl-2"/>
      </object_component>
      <object_component id="oc-64">
         <name>.text:decompress:lzss:__TI_decompress_lzss</name>
         <load_address>0xc7da</load_address>
         <run_address>0xc7da</run_address>
         <size>0xee</size>
         <input_file_ref idref="fl-51"/>
      </object_component>
      <object_component id="oc-38a">
         <name>.text:Init_GPIO</name>
         <load_address>0xc8c8</load_address>
         <run_address>0xc8c8</run_address>
         <size>0xec</size>
         <input_file_ref idref="fl-3"/>
      </object_component>
      <object_component id="oc-309">
         <name>.text:displayScrollText</name>
         <load_address>0xc9b4</load_address>
         <run_address>0xc9b4</run_address>
         <size>0xd6</size>
         <input_file_ref idref="fl-3"/>
      </object_component>
      <object_component id="oc-3a2">
         <name>.text:Init_LCD</name>
         <load_address>0xca8a</load_address>
         <run_address>0xca8a</run_address>
         <size>0xca</size>
         <input_file_ref idref="fl-3"/>
      </object_component>
      <object_component id="oc-48d">
         <name>.text:LCD_E_setPinAsCOM</name>
         <load_address>0xcb54</load_address>
         <run_address>0xcb54</run_address>
         <size>0x9e</size>
         <input_file_ref idref="fl-f"/>
      </object_component>
      <object_component id="oc-37b">
         <name>.text:showChar</name>
         <load_address>0xcbf2</load_address>
         <run_address>0xcbf2</run_address>
         <size>0x92</size>
         <input_file_ref idref="fl-3"/>
      </object_component>
      <object_component id="oc-3a8">
         <name>.text:toggleLED</name>
         <load_address>0xcc84</load_address>
         <run_address>0xcc84</run_address>
         <size>0x8e</size>
         <input_file_ref idref="fl-2"/>
      </object_component>
      <object_component id="oc-460">
         <name>.text:LCD_E_setPinAsLCDFunctionEx</name>
         <load_address>0xcd12</load_address>
         <run_address>0xcd12</run_address>
         <size>0x80</size>
         <input_file_ref idref="fl-f"/>
      </object_component>
      <object_component id="oc-3d3">
         <name>.text:__TI_auto_init_nobinit_nopinit_hold_wdt:__TI_auto_init_nobinit_nopinit_hold_wdt</name>
         <load_address>0xcd92</load_address>
         <run_address>0xcd92</run_address>
         <size>0x6a</size>
         <input_file_ref idref="fl-4a"/>
      </object_component>
      <object_component id="oc-31e">
         <name>.text:main</name>
         <load_address>0xcdfc</load_address>
         <run_address>0xcdfc</run_address>
         <size>0x4a</size>
         <input_file_ref idref="fl-2"/>
      </object_component>
      <object_component id="oc-28a">
         <name>.text:__memcpy_far</name>
         <load_address>0xce46</load_address>
         <run_address>0xce46</run_address>
         <size>0x40</size>
         <input_file_ref idref="fl-57"/>
      </object_component>
      <object_component id="oc-300">
         <name>.text:clearLCD</name>
         <load_address>0xce86</load_address>
         <run_address>0xce86</run_address>
         <size>0x3e</size>
         <input_file_ref idref="fl-3"/>
      </object_component>
      <object_component id="oc-2a7">
         <name>.text:decompress:ZI:__TI_zero_init_nomemset:__TI_zero_init_nomemset</name>
         <load_address>0xcec4</load_address>
         <run_address>0xcec4</run_address>
         <size>0x3e</size>
         <input_file_ref idref="fl-4b"/>
      </object_component>
      <object_component id="oc-29b">
         <name>.text:_isr:PORT1_ISR</name>
         <load_address>0xcf02</load_address>
         <run_address>0xcf02</run_address>
         <size>0x3c</size>
         <input_file_ref idref="fl-2"/>
      </object_component>
      <object_component id="oc-6a">
         <name>.text:decompress:none:__TI_decompress_none</name>
         <load_address>0xcf3e</load_address>
         <run_address>0xcf3e</run_address>
         <size>0x3c</size>
         <input_file_ref idref="fl-50"/>
      </object_component>
      <object_component id="oc-438">
         <name>.text:GPIO_setAsPeripheralModuleFunctionInputPin</name>
         <load_address>0xcf7a</load_address>
         <run_address>0xcf7a</run_address>
         <size>0x34</size>
         <input_file_ref idref="fl-d"/>
      </object_component>
      <object_component id="oc-445">
         <name>.text:GPIO_setAsPeripheralModuleFunctionOutputPin</name>
         <load_address>0xcfae</load_address>
         <run_address>0xcfae</run_address>
         <size>0x34</size>
         <input_file_ref idref="fl-d"/>
      </object_component>
      <object_component id="oc-44c">
         <name>.text:CS_turnOnXT1LF</name>
         <load_address>0xcfe2</load_address>
         <run_address>0xcfe2</run_address>
         <size>0x30</size>
         <input_file_ref idref="fl-6"/>
      </object_component>
      <object_component id="oc-406">
         <name>.text</name>
         <load_address>0xd012</load_address>
         <run_address>0xd012</run_address>
         <size>0x2c</size>
         <input_file_ref idref="fl-35"/>
      </object_component>
      <object_component id="oc-469">
         <name>.text:LCD_E_init</name>
         <load_address>0xd03e</load_address>
         <run_address>0xd03e</run_address>
         <size>0x28</size>
         <input_file_ref idref="fl-f"/>
      </object_component>
      <object_component id="oc-42c">
         <name>.text:GPIO_setAsInputPinWithPullUpResistor</name>
         <load_address>0xd066</load_address>
         <run_address>0xd066</run_address>
         <size>0x22</size>
         <input_file_ref idref="fl-d"/>
      </object_component>
      <object_component id="oc-426">
         <name>.text:GPIO_selectInterruptEdge</name>
         <load_address>0xd088</load_address>
         <run_address>0xd088</run_address>
         <size>0x20</size>
         <input_file_ref idref="fl-d"/>
      </object_component>
      <object_component id="oc-4ee">
         <name>.text:setLCDFunction</name>
         <load_address>0xd0a8</load_address>
         <run_address>0xd0a8</run_address>
         <size>0x20</size>
         <input_file_ref idref="fl-f"/>
      </object_component>
      <object_component id="oc-420">
         <name>.text:GPIO_setAsInputPin</name>
         <load_address>0xd0c8</load_address>
         <run_address>0xd0c8</run_address>
         <size>0x1e</size>
         <input_file_ref idref="fl-d"/>
      </object_component>
      <object_component id="oc-2b9">
         <name>.text:_isr:_c_int00_noargs</name>
         <load_address>0xd0e6</load_address>
         <run_address>0xd0e6</run_address>
         <size>0x1c</size>
         <input_file_ref idref="fl-49"/>
      </object_component>
      <object_component id="oc-34b">
         <name>.text:GPIO_getInputPinValue</name>
         <load_address>0xd102</load_address>
         <run_address>0xd102</run_address>
         <size>0x1a</size>
         <input_file_ref idref="fl-d"/>
      </object_component>
      <object_component id="oc-41a">
         <name>.text:GPIO_setAsOutputPin</name>
         <load_address>0xd11c</load_address>
         <run_address>0xd11c</run_address>
         <size>0x1a</size>
         <input_file_ref idref="fl-d"/>
      </object_component>
      <object_component id="oc-39c">
         <name>.text:Init_RTC</name>
         <load_address>0xd136</load_address>
         <run_address>0xd136</run_address>
         <size>0x18</size>
         <input_file_ref idref="fl-3"/>
      </object_component>
      <object_component id="oc-2f4">
         <name>.text:GPIO_clearInterrupt</name>
         <load_address>0xd14e</load_address>
         <run_address>0xd14e</run_address>
         <size>0x16</size>
         <input_file_ref idref="fl-d"/>
      </object_component>
      <object_component id="oc-432">
         <name>.text:GPIO_enableInterrupt</name>
         <load_address>0xd164</load_address>
         <run_address>0xd164</run_address>
         <size>0x16</size>
         <input_file_ref idref="fl-d"/>
      </object_component>
      <object_component id="oc-33f">
         <name>.text:GPIO_setOutputHighOnPin</name>
         <load_address>0xd17a</load_address>
         <run_address>0xd17a</run_address>
         <size>0x16</size>
         <input_file_ref idref="fl-d"/>
      </object_component>
      <object_component id="oc-345">
         <name>.text:GPIO_setOutputLowOnPin</name>
         <load_address>0xd190</load_address>
         <run_address>0xd190</run_address>
         <size>0x16</size>
         <input_file_ref idref="fl-d"/>
      </object_component>
      <object_component id="oc-384">
         <name>.text:WDT_A_hold</name>
         <load_address>0xd1a6</load_address>
         <run_address>0xd1a6</run_address>
         <size>0x16</size>
         <input_file_ref idref="fl-1a"/>
      </object_component>
      <object_component id="oc-4d4">
         <name>.text</name>
         <load_address>0xd1bc</load_address>
         <run_address>0xd1bc</run_address>
         <size>0x16</size>
         <input_file_ref idref="fl-36"/>
      </object_component>
      <object_component id="oc-2a1">
         <name>.text:_isr:RTC_ISR</name>
         <load_address>0xd1d2</load_address>
         <run_address>0xd1d2</run_address>
         <size>0x14</size>
         <input_file_ref idref="fl-2"/>
      </object_component>
      <object_component id="oc-46f">
         <name>.text:LCD_E_setVLCDSource</name>
         <load_address>0xd1e6</load_address>
         <run_address>0xd1e6</run_address>
         <size>0x12</size>
         <input_file_ref idref="fl-f"/>
      </object_component>
      <object_component id="oc-375">
         <name>.text:memcpy</name>
         <load_address>0xd1f8</load_address>
         <run_address>0xd1f8</run_address>
         <size>0x12</size>
         <input_file_ref idref="fl-55"/>
      </object_component>
      <object_component id="oc-36c">
         <name>.text:strlen</name>
         <load_address>0xd20a</load_address>
         <run_address>0xd20a</run_address>
         <size>0xe</size>
         <input_file_ref idref="fl-56"/>
      </object_component>
      <object_component id="oc-493">
         <name>.text:LCD_E_on</name>
         <load_address>0xd218</load_address>
         <run_address>0xd218</run_address>
         <size>0xc</size>
         <input_file_ref idref="fl-f"/>
      </object_component>
      <object_component id="oc-481">
         <name>.text:LCD_E_setChargePumpFreq</name>
         <load_address>0xd224</load_address>
         <run_address>0xd224</run_address>
         <size>0xc</size>
         <input_file_ref idref="fl-f"/>
      </object_component>
      <object_component id="oc-475">
         <name>.text:LCD_E_setVLCDVoltage</name>
         <load_address>0xd230</load_address>
         <run_address>0xd230</run_address>
         <size>0xc</size>
         <input_file_ref idref="fl-f"/>
      </object_component>
      <object_component id="oc-396">
         <name>.text:Init_Clock</name>
         <load_address>0xd23c</load_address>
         <run_address>0xd23c</run_address>
         <size>0xa</size>
         <input_file_ref idref="fl-3"/>
      </object_component>
      <object_component id="oc-2fa">
         <name>.text:LCD_E_selectDisplayMemory</name>
         <load_address>0xd246</load_address>
         <run_address>0xd246</run_address>
         <size>0xa</size>
         <input_file_ref idref="fl-f"/>
      </object_component>
      <object_component id="oc-459">
         <name>.text:RTC_enableInterrupt</name>
         <load_address>0xd250</load_address>
         <run_address>0xd250</run_address>
         <size>0xa</size>
         <input_file_ref idref="fl-12"/>
      </object_component>
      <object_component id="oc-4f4">
         <name>.text</name>
         <load_address>0xd25a</load_address>
         <run_address>0xd25a</run_address>
         <size>0xa</size>
         <input_file_ref idref="fl-46"/>
      </object_component>
      <object_component id="oc-4e9">
         <name>.text</name>
         <load_address>0xd264</load_address>
         <run_address>0xd264</run_address>
         <size>0xa</size>
         <input_file_ref idref="fl-47"/>
      </object_component>
      <object_component id="oc-47b">
         <name>.text:LCD_E_enableChargePump</name>
         <load_address>0xd26e</load_address>
         <run_address>0xd26e</run_address>
         <size>0x8</size>
         <input_file_ref idref="fl-f"/>
      </object_component>
      <object_component id="oc-296">
         <name>.text:_isr:__TI_ISR_TRAP</name>
         <load_address>0xd276</load_address>
         <run_address>0xd276</run_address>
         <size>0x8</size>
         <input_file_ref idref="fl-45"/>
      </object_component>
      <object_component id="oc-487">
         <name>.text:LCD_E_clearAllMemory</name>
         <load_address>0xd27e</load_address>
         <run_address>0xd27e</run_address>
         <size>0x6</size>
         <input_file_ref idref="fl-f"/>
      </object_component>
      <object_component id="oc-43e">
         <name>.text:PMM_unlockLPM5</name>
         <load_address>0xd284</load_address>
         <run_address>0xd284</run_address>
         <size>0x6</size>
         <input_file_ref idref="fl-11"/>
      </object_component>
      <object_component id="oc-453">
         <name>.text:RTC_setModulo</name>
         <load_address>0xd28a</load_address>
         <run_address>0xd28a</run_address>
         <size>0x6</size>
         <input_file_ref idref="fl-12"/>
      </object_component>
      <object_component id="oc-3af">
         <name>.text:abort</name>
         <load_address>0xd290</load_address>
         <run_address>0xd290</run_address>
         <size>0x6</size>
         <input_file_ref idref="fl-52"/>
      </object_component>
      <object_component id="oc-318">
         <name>.text:_system_pre_init</name>
         <load_address>0xd296</load_address>
         <run_address>0xd296</run_address>
         <size>0x4</size>
         <input_file_ref idref="fl-4e"/>
      </object_component>
      <object_component id="oc-4ad">
         <name>.text:_system_post_cinit</name>
         <load_address>0xd29a</load_address>
         <run_address>0xd29a</run_address>
         <size>0x2</size>
         <input_file_ref idref="fl-4f"/>
      </object_component>
      <object_component id="oc-306">
         <name>.common:pressedKey</name>
         <uninitialized>true</uninitialized>
         <run_address>0x200c</run_address>
         <size>0x2</size>
      </object_component>
      <object_component id="oc-351">
         <name>.data:hexaKeys</name>
         <load_address>0x2000</load_address>
         <run_address>0x2000</run_address>
         <size>0xc</size>
         <input_file_ref idref="fl-2"/>
      </object_component>
      <object_component id="oc-27b">
         <name>.stack</name>
         <uninitialized>true</uninitialized>
         <run_address>0x2760</run_address>
         <size>0x2</size>
         <input_file_ref idref="fl-49"/>
      </object_component>
      <object_component id="oc-5b1">
         <name>.stack</name>
         <uninitialized>true</uninitialized>
         <run_address>0x2760</run_address>
         <size>0x0</size>
      </object_component>
      <object_component id="oc-70">
         <name>.int45</name>
         <load_address>0xffe2</load_address>
         <run_address>0xffe2</run_address>
         <size>0x2</size>
         <input_file_ref idref="fl-39"/>
      </object_component>
      <object_component id="oc-71">
         <name>.int46</name>
         <load_address>0xffe4</load_address>
         <run_address>0xffe4</run_address>
         <size>0x2</size>
         <input_file_ref idref="fl-3a"/>
      </object_component>
      <object_component id="oc-72">
         <name>.int47</name>
         <load_address>0xffe6</load_address>
         <run_address>0xffe6</run_address>
         <size>0x2</size>
         <input_file_ref idref="fl-2"/>
      </object_component>
      <object_component id="oc-73">
         <name>.int48</name>
         <load_address>0xffe8</load_address>
         <run_address>0xffe8</run_address>
         <size>0x2</size>
         <input_file_ref idref="fl-3b"/>
      </object_component>
      <object_component id="oc-74">
         <name>.int49</name>
         <load_address>0xffea</load_address>
         <run_address>0xffea</run_address>
         <size>0x2</size>
         <input_file_ref idref="fl-3c"/>
      </object_component>
      <object_component id="oc-75">
         <name>.int50</name>
         <load_address>0xffec</load_address>
         <run_address>0xffec</run_address>
         <size>0x2</size>
         <input_file_ref idref="fl-3d"/>
      </object_component>
      <object_component id="oc-76">
         <name>.int51</name>
         <load_address>0xffee</load_address>
         <run_address>0xffee</run_address>
         <size>0x2</size>
         <input_file_ref idref="fl-3e"/>
      </object_component>
      <object_component id="oc-77">
         <name>.int52</name>
         <load_address>0xfff0</load_address>
         <run_address>0xfff0</run_address>
         <size>0x2</size>
         <input_file_ref idref="fl-2"/>
      </object_component>
      <object_component id="oc-78">
         <name>.int53</name>
         <load_address>0xfff2</load_address>
         <run_address>0xfff2</run_address>
         <size>0x2</size>
         <input_file_ref idref="fl-3f"/>
      </object_component>
      <object_component id="oc-79">
         <name>.int54</name>
         <load_address>0xfff4</load_address>
         <run_address>0xfff4</run_address>
         <size>0x2</size>
         <input_file_ref idref="fl-40"/>
      </object_component>
      <object_component id="oc-7a">
         <name>.int55</name>
         <load_address>0xfff6</load_address>
         <run_address>0xfff6</run_address>
         <size>0x2</size>
         <input_file_ref idref="fl-41"/>
      </object_component>
      <object_component id="oc-7b">
         <name>.int56</name>
         <load_address>0xfff8</load_address>
         <run_address>0xfff8</run_address>
         <size>0x2</size>
         <input_file_ref idref="fl-42"/>
      </object_component>
      <object_component id="oc-7c">
         <name>.int57</name>
         <load_address>0xfffa</load_address>
         <run_address>0xfffa</run_address>
         <size>0x2</size>
         <input_file_ref idref="fl-43"/>
      </object_component>
      <object_component id="oc-7d">
         <name>.int58</name>
         <load_address>0xfffc</load_address>
         <run_address>0xfffc</run_address>
         <size>0x2</size>
         <input_file_ref idref="fl-44"/>
      </object_component>
      <object_component id="oc-27e">
         <name>.reset</name>
         <load_address>0xfffe</load_address>
         <run_address>0xfffe</run_address>
         <size>0x2</size>
         <input_file_ref idref="fl-49"/>
      </object_component>
      <object_component id="oc-307">
         <name>.debug_info</name>
         <load_address>0x0</load_address>
         <run_address>0x0</run_address>
         <size>0x6bd</size>
         <input_file_ref idref="fl-2"/>
      </object_component>
      <object_component id="oc-352">
         <name>.debug_info</name>
         <load_address>0x6bd</load_address>
         <run_address>0x6bd</run_address>
         <size>0xb8</size>
         <input_file_ref idref="fl-2"/>
      </object_component>
      <object_component id="oc-3a9">
         <name>.debug_info</name>
         <load_address>0x775</load_address>
         <run_address>0x775</run_address>
         <size>0x250</size>
         <input_file_ref idref="fl-2"/>
      </object_component>
      <object_component id="oc-391">
         <name>.debug_info</name>
         <load_address>0x9c5</load_address>
         <run_address>0x9c5</run_address>
         <size>0x468</size>
         <input_file_ref idref="fl-2"/>
      </object_component>
      <object_component id="oc-31f">
         <name>.debug_info</name>
         <load_address>0xe2d</load_address>
         <run_address>0xe2d</run_address>
         <size>0x164</size>
         <input_file_ref idref="fl-2"/>
      </object_component>
      <object_component id="oc-2a2">
         <name>.debug_info</name>
         <load_address>0xf91</load_address>
         <run_address>0xf91</run_address>
         <size>0xe3</size>
         <input_file_ref idref="fl-2"/>
      </object_component>
      <object_component id="oc-2ef">
         <name>.debug_info</name>
         <load_address>0x1074</load_address>
         <run_address>0x1074</run_address>
         <size>0x5da</size>
         <input_file_ref idref="fl-2"/>
      </object_component>
      <object_component id="oc-29c">
         <name>.debug_info</name>
         <load_address>0x164e</load_address>
         <run_address>0x164e</run_address>
         <size>0x186</size>
         <input_file_ref idref="fl-2"/>
      </object_component>
      <object_component id="oc-367">
         <name>.debug_info</name>
         <load_address>0x17d4</load_address>
         <run_address>0x17d4</run_address>
         <size>0x26b</size>
         <input_file_ref idref="fl-2"/>
      </object_component>
      <object_component id="oc-414">
         <name>.debug_info</name>
         <load_address>0x1a3f</load_address>
         <run_address>0x1a3f</run_address>
         <size>0x9e</size>
         <input_file_ref idref="fl-2"/>
      </object_component>
      <object_component id="oc-362">
         <name>.debug_info</name>
         <load_address>0x1add</load_address>
         <run_address>0x1add</run_address>
         <size>0x8b</size>
         <input_file_ref idref="fl-2"/>
      </object_component>
      <object_component id="oc-3f6">
         <name>.debug_info</name>
         <load_address>0x1b68</load_address>
         <run_address>0x1b68</run_address>
         <size>0x275</size>
         <input_file_ref idref="fl-2"/>
      </object_component>
      <object_component id="oc-359">
         <name>.debug_info</name>
         <load_address>0x1ddd</load_address>
         <run_address>0x1ddd</run_address>
         <size>0xbb</size>
         <input_file_ref idref="fl-2"/>
      </object_component>
      <object_component id="oc-382">
         <name>.debug_info</name>
         <load_address>0x1e98</load_address>
         <run_address>0x1e98</run_address>
         <size>0x7a9</size>
         <input_file_ref idref="fl-3"/>
      </object_component>
      <object_component id="oc-40f">
         <name>.debug_info</name>
         <load_address>0x2641</load_address>
         <run_address>0x2641</run_address>
         <size>0xb4</size>
         <input_file_ref idref="fl-3"/>
      </object_component>
      <object_component id="oc-40c">
         <name>.debug_info</name>
         <load_address>0x26f5</load_address>
         <run_address>0x26f5</run_address>
         <size>0xc0</size>
         <input_file_ref idref="fl-3"/>
      </object_component>
      <object_component id="oc-373">
         <name>.debug_info</name>
         <load_address>0x27b5</load_address>
         <run_address>0x27b5</run_address>
         <size>0xb7</size>
         <input_file_ref idref="fl-3"/>
      </object_component>
      <object_component id="oc-37c">
         <name>.debug_info</name>
         <load_address>0x286c</load_address>
         <run_address>0x286c</run_address>
         <size>0x146</size>
         <input_file_ref idref="fl-3"/>
      </object_component>
      <object_component id="oc-30a">
         <name>.debug_info</name>
         <load_address>0x29b2</load_address>
         <run_address>0x29b2</run_address>
         <size>0x1e5</size>
         <input_file_ref idref="fl-3"/>
      </object_component>
      <object_component id="oc-301">
         <name>.debug_info</name>
         <load_address>0x2b97</load_address>
         <run_address>0x2b97</run_address>
         <size>0xea</size>
         <input_file_ref idref="fl-3"/>
      </object_component>
      <object_component id="oc-39d">
         <name>.debug_info</name>
         <load_address>0x2c81</load_address>
         <run_address>0x2c81</run_address>
         <size>0x11b</size>
         <input_file_ref idref="fl-3"/>
      </object_component>
      <object_component id="oc-3a3">
         <name>.debug_info</name>
         <load_address>0x2d9c</load_address>
         <run_address>0x2d9c</run_address>
         <size>0x284</size>
         <input_file_ref idref="fl-3"/>
      </object_component>
      <object_component id="oc-38b">
         <name>.debug_info</name>
         <load_address>0x3020</load_address>
         <run_address>0x3020</run_address>
         <size>0x383</size>
         <input_file_ref idref="fl-3"/>
      </object_component>
      <object_component id="oc-397">
         <name>.debug_info</name>
         <load_address>0x33a3</load_address>
         <run_address>0x33a3</run_address>
         <size>0x106</size>
         <input_file_ref idref="fl-3"/>
      </object_component>
      <object_component id="oc-3fc">
         <name>.debug_info</name>
         <load_address>0x34a9</load_address>
         <run_address>0x34a9</run_address>
         <size>0x2c</size>
         <input_file_ref idref="fl-3"/>
      </object_component>
      <object_component id="oc-285">
         <name>.debug_info</name>
         <load_address>0x34d5</load_address>
         <run_address>0x34d5</run_address>
         <size>0x84</size>
         <input_file_ref idref="fl-5"/>
      </object_component>
      <object_component id="oc-44e">
         <name>.debug_info</name>
         <load_address>0x3559</load_address>
         <run_address>0x3559</run_address>
         <size>0x151</size>
         <input_file_ref idref="fl-6"/>
      </object_component>
      <object_component id="oc-3f5">
         <name>.debug_info</name>
         <load_address>0x36aa</load_address>
         <run_address>0x36aa</run_address>
         <size>0x14f</size>
         <input_file_ref idref="fl-d"/>
      </object_component>
      <object_component id="oc-356">
         <name>.debug_info</name>
         <load_address>0x37f9</load_address>
         <run_address>0x37f9</run_address>
         <size>0xe2</size>
         <input_file_ref idref="fl-d"/>
      </object_component>
      <object_component id="oc-346">
         <name>.debug_info</name>
         <load_address>0x38db</load_address>
         <run_address>0x38db</run_address>
         <size>0x1f1</size>
         <input_file_ref idref="fl-d"/>
      </object_component>
      <object_component id="oc-340">
         <name>.debug_info</name>
         <load_address>0x3acc</load_address>
         <run_address>0x3acc</run_address>
         <size>0x1f3</size>
         <input_file_ref idref="fl-d"/>
      </object_component>
      <object_component id="oc-446">
         <name>.debug_info</name>
         <load_address>0x3cbf</load_address>
         <run_address>0x3cbf</run_address>
         <size>0x23a</size>
         <input_file_ref idref="fl-d"/>
      </object_component>
      <object_component id="oc-439">
         <name>.debug_info</name>
         <load_address>0x3ef9</load_address>
         <run_address>0x3ef9</run_address>
         <size>0x239</size>
         <input_file_ref idref="fl-d"/>
      </object_component>
      <object_component id="oc-41b">
         <name>.debug_info</name>
         <load_address>0x4132</load_address>
         <run_address>0x4132</run_address>
         <size>0x1e8</size>
         <input_file_ref idref="fl-d"/>
      </object_component>
      <object_component id="oc-42d">
         <name>.debug_info</name>
         <load_address>0x431a</load_address>
         <run_address>0x431a</run_address>
         <size>0x20d</size>
         <input_file_ref idref="fl-d"/>
      </object_component>
      <object_component id="oc-421">
         <name>.debug_info</name>
         <load_address>0x4527</load_address>
         <run_address>0x4527</run_address>
         <size>0x1e6</size>
         <input_file_ref idref="fl-d"/>
      </object_component>
      <object_component id="oc-427">
         <name>.debug_info</name>
         <load_address>0x470d</load_address>
         <run_address>0x470d</run_address>
         <size>0x22f</size>
         <input_file_ref idref="fl-d"/>
      </object_component>
      <object_component id="oc-34c">
         <name>.debug_info</name>
         <load_address>0x493c</load_address>
         <run_address>0x493c</run_address>
         <size>0x1f3</size>
         <input_file_ref idref="fl-d"/>
      </object_component>
      <object_component id="oc-433">
         <name>.debug_info</name>
         <load_address>0x4b2f</load_address>
         <run_address>0x4b2f</run_address>
         <size>0x1ed</size>
         <input_file_ref idref="fl-d"/>
      </object_component>
      <object_component id="oc-2f5">
         <name>.debug_info</name>
         <load_address>0x4d1c</load_address>
         <run_address>0x4d1c</run_address>
         <size>0x1eb</size>
         <input_file_ref idref="fl-d"/>
      </object_component>
      <object_component id="oc-4fc">
         <name>.debug_info</name>
         <load_address>0x4f07</load_address>
         <run_address>0x4f07</run_address>
         <size>0x148</size>
         <input_file_ref idref="fl-f"/>
      </object_component>
      <object_component id="oc-467">
         <name>.debug_info</name>
         <load_address>0x504f</load_address>
         <run_address>0x504f</run_address>
         <size>0xe2</size>
         <input_file_ref idref="fl-f"/>
      </object_component>
      <object_component id="oc-476">
         <name>.debug_info</name>
         <load_address>0x5131</load_address>
         <run_address>0x5131</run_address>
         <size>0x1b6</size>
         <input_file_ref idref="fl-f"/>
      </object_component>
      <object_component id="oc-470">
         <name>.debug_info</name>
         <load_address>0x52e7</load_address>
         <run_address>0x52e7</run_address>
         <size>0x1bc</size>
         <input_file_ref idref="fl-f"/>
      </object_component>
      <object_component id="oc-4ef">
         <name>.debug_info</name>
         <load_address>0x54a3</load_address>
         <run_address>0x54a3</run_address>
         <size>0x1c7</size>
         <input_file_ref idref="fl-f"/>
      </object_component>
      <object_component id="oc-461">
         <name>.debug_info</name>
         <load_address>0x566a</load_address>
         <run_address>0x566a</run_address>
         <size>0x30f</size>
         <input_file_ref idref="fl-f"/>
      </object_component>
      <object_component id="oc-48e">
         <name>.debug_info</name>
         <load_address>0x5979</load_address>
         <run_address>0x5979</run_address>
         <size>0x20a</size>
         <input_file_ref idref="fl-f"/>
      </object_component>
      <object_component id="oc-482">
         <name>.debug_info</name>
         <load_address>0x5b83</load_address>
         <run_address>0x5b83</run_address>
         <size>0x1b0</size>
         <input_file_ref idref="fl-f"/>
      </object_component>
      <object_component id="oc-2fb">
         <name>.debug_info</name>
         <load_address>0x5d33</load_address>
         <run_address>0x5d33</run_address>
         <size>0x1d8</size>
         <input_file_ref idref="fl-f"/>
      </object_component>
      <object_component id="oc-494">
         <name>.debug_info</name>
         <load_address>0x5f0b</load_address>
         <run_address>0x5f0b</run_address>
         <size>0x170</size>
         <input_file_ref idref="fl-f"/>
      </object_component>
      <object_component id="oc-46a">
         <name>.debug_info</name>
         <load_address>0x607b</load_address>
         <run_address>0x607b</run_address>
         <size>0x1ae</size>
         <input_file_ref idref="fl-f"/>
      </object_component>
      <object_component id="oc-47c">
         <name>.debug_info</name>
         <load_address>0x6229</load_address>
         <run_address>0x6229</run_address>
         <size>0x18c</size>
         <input_file_ref idref="fl-f"/>
      </object_component>
      <object_component id="oc-488">
         <name>.debug_info</name>
         <load_address>0x63b5</load_address>
         <run_address>0x63b5</run_address>
         <size>0x188</size>
         <input_file_ref idref="fl-f"/>
      </object_component>
      <object_component id="oc-43f">
         <name>.debug_info</name>
         <load_address>0x653d</load_address>
         <run_address>0x653d</run_address>
         <size>0x138</size>
         <input_file_ref idref="fl-11"/>
      </object_component>
      <object_component id="oc-454">
         <name>.debug_info</name>
         <load_address>0x6675</load_address>
         <run_address>0x6675</run_address>
         <size>0x19e</size>
         <input_file_ref idref="fl-12"/>
      </object_component>
      <object_component id="oc-45a">
         <name>.debug_info</name>
         <load_address>0x6813</load_address>
         <run_address>0x6813</run_address>
         <size>0x1c6</size>
         <input_file_ref idref="fl-12"/>
      </object_component>
      <object_component id="oc-387">
         <name>.debug_info</name>
         <load_address>0x69d9</load_address>
         <run_address>0x69d9</run_address>
         <size>0x195</size>
         <input_file_ref idref="fl-1a"/>
      </object_component>
      <object_component id="oc-407">
         <name>.debug_info</name>
         <load_address>0x6b6e</load_address>
         <run_address>0x6b6e</run_address>
         <size>0x138</size>
         <input_file_ref idref="fl-35"/>
      </object_component>
      <object_component id="oc-4d6">
         <name>.debug_info</name>
         <load_address>0x6ca6</load_address>
         <run_address>0x6ca6</run_address>
         <size>0x124</size>
         <input_file_ref idref="fl-36"/>
      </object_component>
      <object_component id="oc-297">
         <name>.debug_info</name>
         <load_address>0x6dca</load_address>
         <run_address>0x6dca</run_address>
         <size>0x112</size>
         <input_file_ref idref="fl-45"/>
      </object_component>
      <object_component id="oc-4f5">
         <name>.debug_info</name>
         <load_address>0x6edc</load_address>
         <run_address>0x6edc</run_address>
         <size>0x123</size>
         <input_file_ref idref="fl-46"/>
      </object_component>
      <object_component id="oc-4ec">
         <name>.debug_info</name>
         <load_address>0x6fff</load_address>
         <run_address>0x6fff</run_address>
         <size>0x123</size>
         <input_file_ref idref="fl-47"/>
      </object_component>
      <object_component id="oc-27c">
         <name>.debug_info</name>
         <load_address>0x7122</load_address>
         <run_address>0x7122</run_address>
         <size>0x100</size>
         <input_file_ref idref="fl-49"/>
      </object_component>
      <object_component id="oc-2bb">
         <name>.debug_info</name>
         <load_address>0x7222</load_address>
         <run_address>0x7222</run_address>
         <size>0x17a</size>
         <input_file_ref idref="fl-49"/>
      </object_component>
      <object_component id="oc-4b4">
         <name>.debug_info</name>
         <load_address>0x739c</load_address>
         <run_address>0x739c</run_address>
         <size>0x4a8</size>
         <input_file_ref idref="fl-4a"/>
      </object_component>
      <object_component id="oc-3d4">
         <name>.debug_info</name>
         <load_address>0x7844</load_address>
         <run_address>0x7844</run_address>
         <size>0x216</size>
         <input_file_ref idref="fl-4a"/>
      </object_component>
      <object_component id="oc-51c">
         <name>.debug_info</name>
         <load_address>0x7a5a</load_address>
         <run_address>0x7a5a</run_address>
         <size>0x39</size>
         <input_file_ref idref="fl-4a"/>
      </object_component>
      <object_component id="oc-52d">
         <name>.debug_info</name>
         <load_address>0x7a93</load_address>
         <run_address>0x7a93</run_address>
         <size>0x2c</size>
         <input_file_ref idref="fl-4a"/>
      </object_component>
      <object_component id="oc-4bf">
         <name>.debug_info</name>
         <load_address>0x7abf</load_address>
         <run_address>0x7abf</run_address>
         <size>0x2c</size>
         <input_file_ref idref="fl-4a"/>
      </object_component>
      <object_component id="oc-521">
         <name>.debug_info</name>
         <load_address>0x7aeb</load_address>
         <run_address>0x7aeb</run_address>
         <size>0xcd</size>
         <input_file_ref idref="fl-4a"/>
      </object_component>
      <object_component id="oc-2a8">
         <name>.debug_info</name>
         <load_address>0x7bb8</load_address>
         <run_address>0x7bb8</run_address>
         <size>0x1d3</size>
         <input_file_ref idref="fl-4b"/>
      </object_component>
      <object_component id="oc-312">
         <name>.debug_info</name>
         <load_address>0x7d8b</load_address>
         <run_address>0x7d8b</run_address>
         <size>0x46</size>
         <input_file_ref idref="fl-4b"/>
      </object_component>
      <object_component id="oc-319">
         <name>.debug_info</name>
         <load_address>0x7dd1</load_address>
         <run_address>0x7dd1</run_address>
         <size>0x153</size>
         <input_file_ref idref="fl-4e"/>
      </object_component>
      <object_component id="oc-4b0">
         <name>.debug_info</name>
         <load_address>0x7f24</load_address>
         <run_address>0x7f24</run_address>
         <size>0x150</size>
         <input_file_ref idref="fl-4f"/>
      </object_component>
      <object_component id="oc-295">
         <name>.debug_info</name>
         <load_address>0x8074</load_address>
         <run_address>0x8074</run_address>
         <size>0x1da</size>
         <input_file_ref idref="fl-50"/>
      </object_component>
      <object_component id="oc-6c">
         <name>.debug_info</name>
         <load_address>0x824e</load_address>
         <run_address>0x824e</run_address>
         <size>0x1f2</size>
         <input_file_ref idref="fl-50"/>
      </object_component>
      <object_component id="oc-290">
         <name>.debug_info</name>
         <load_address>0x8440</load_address>
         <run_address>0x8440</run_address>
         <size>0x46</size>
         <input_file_ref idref="fl-50"/>
      </object_component>
      <object_component id="oc-65">
         <name>.debug_info</name>
         <load_address>0x8486</load_address>
         <run_address>0x8486</run_address>
         <size>0x2b8</size>
         <input_file_ref idref="fl-51"/>
      </object_component>
      <object_component id="oc-33a">
         <name>.debug_info</name>
         <load_address>0x873e</load_address>
         <run_address>0x873e</run_address>
         <size>0x46</size>
         <input_file_ref idref="fl-51"/>
      </object_component>
      <object_component id="oc-2e5">
         <name>.debug_info</name>
         <load_address>0x8784</load_address>
         <run_address>0x8784</run_address>
         <size>0x39</size>
         <input_file_ref idref="fl-51"/>
      </object_component>
      <object_component id="oc-280">
         <name>.debug_info</name>
         <load_address>0x87bd</load_address>
         <run_address>0x87bd</run_address>
         <size>0x60</size>
         <input_file_ref idref="fl-51"/>
      </object_component>
      <object_component id="oc-3b1">
         <name>.debug_info</name>
         <load_address>0x881d</load_address>
         <run_address>0x881d</run_address>
         <size>0x122</size>
         <input_file_ref idref="fl-52"/>
      </object_component>
      <object_component id="oc-405">
         <name>.debug_info</name>
         <load_address>0x893f</load_address>
         <run_address>0x893f</run_address>
         <size>0x181</size>
         <input_file_ref idref="fl-55"/>
      </object_component>
      <object_component id="oc-376">
         <name>.debug_info</name>
         <load_address>0x8ac0</load_address>
         <run_address>0x8ac0</run_address>
         <size>0x17a</size>
         <input_file_ref idref="fl-55"/>
      </object_component>
      <object_component id="oc-401">
         <name>.debug_info</name>
         <load_address>0x8c3a</load_address>
         <run_address>0x8c3a</run_address>
         <size>0x162</size>
         <input_file_ref idref="fl-56"/>
      </object_component>
      <object_component id="oc-36e">
         <name>.debug_info</name>
         <load_address>0x8d9c</load_address>
         <run_address>0x8d9c</run_address>
         <size>0x236</size>
         <input_file_ref idref="fl-56"/>
      </object_component>
      <object_component id="oc-28d">
         <name>.debug_info</name>
         <load_address>0x8fd2</load_address>
         <run_address>0x8fd2</run_address>
         <size>0x124</size>
         <input_file_ref idref="fl-57"/>
      </object_component>
      <object_component id="oc-5b2">
         <name>.debug_info</name>
         <load_address>0x90f6</load_address>
         <run_address>0x90f6</run_address>
         <size>0x89</size>
      </object_component>
      <object_component id="oc-361">
         <name>.debug_line</name>
         <load_address>0x0</load_address>
         <run_address>0x0</run_address>
         <size>0x11d</size>
         <input_file_ref idref="fl-2"/>
      </object_component>
      <object_component id="oc-3f2">
         <name>.debug_line</name>
         <load_address>0x11d</load_address>
         <run_address>0x11d</run_address>
         <size>0x2e</size>
         <input_file_ref idref="fl-2"/>
      </object_component>
      <object_component id="oc-3ac">
         <name>.debug_line</name>
         <load_address>0x14b</load_address>
         <run_address>0x14b</run_address>
         <size>0x54</size>
         <input_file_ref idref="fl-2"/>
      </object_component>
      <object_component id="oc-394">
         <name>.debug_line</name>
         <load_address>0x19f</load_address>
         <run_address>0x19f</run_address>
         <size>0x5c</size>
         <input_file_ref idref="fl-2"/>
      </object_component>
      <object_component id="oc-322">
         <name>.debug_line</name>
         <load_address>0x1fb</load_address>
         <run_address>0x1fb</run_address>
         <size>0x58</size>
         <input_file_ref idref="fl-2"/>
      </object_component>
      <object_component id="oc-2a5">
         <name>.debug_line</name>
         <load_address>0x253</load_address>
         <run_address>0x253</run_address>
         <size>0x47</size>
         <input_file_ref idref="fl-2"/>
      </object_component>
      <object_component id="oc-2f2">
         <name>.debug_line</name>
         <load_address>0x29a</load_address>
         <run_address>0x29a</run_address>
         <size>0xab</size>
         <input_file_ref idref="fl-2"/>
      </object_component>
      <object_component id="oc-29f">
         <name>.debug_line</name>
         <load_address>0x345</load_address>
         <run_address>0x345</run_address>
         <size>0x4a</size>
         <input_file_ref idref="fl-2"/>
      </object_component>
      <object_component id="oc-36a">
         <name>.debug_line</name>
         <load_address>0x38f</load_address>
         <run_address>0x38f</run_address>
         <size>0x78</size>
         <input_file_ref idref="fl-2"/>
      </object_component>
      <object_component id="oc-417">
         <name>.debug_line</name>
         <load_address>0x407</load_address>
         <run_address>0x407</run_address>
         <size>0x48</size>
         <input_file_ref idref="fl-2"/>
      </object_component>
      <object_component id="oc-365">
         <name>.debug_line</name>
         <load_address>0x44f</load_address>
         <run_address>0x44f</run_address>
         <size>0x20</size>
         <input_file_ref idref="fl-2"/>
      </object_component>
      <object_component id="oc-3f9">
         <name>.debug_line</name>
         <load_address>0x46f</load_address>
         <run_address>0x46f</run_address>
         <size>0x7c</size>
         <input_file_ref idref="fl-2"/>
      </object_component>
      <object_component id="oc-35c">
         <name>.debug_line</name>
         <load_address>0x4eb</load_address>
         <run_address>0x4eb</run_address>
         <size>0x79</size>
         <input_file_ref idref="fl-2"/>
      </object_component>
      <object_component id="oc-413">
         <name>.debug_line</name>
         <load_address>0x564</load_address>
         <run_address>0x564</run_address>
         <size>0x176</size>
         <input_file_ref idref="fl-3"/>
      </object_component>
      <object_component id="oc-4dd">
         <name>.debug_line</name>
         <load_address>0x6da</load_address>
         <run_address>0x6da</run_address>
         <size>0x30</size>
         <input_file_ref idref="fl-3"/>
      </object_component>
      <object_component id="oc-4db">
         <name>.debug_line</name>
         <load_address>0x70a</load_address>
         <run_address>0x70a</run_address>
         <size>0x30</size>
         <input_file_ref idref="fl-3"/>
      </object_component>
      <object_component id="oc-403">
         <name>.debug_line</name>
         <load_address>0x73a</load_address>
         <run_address>0x73a</run_address>
         <size>0x30</size>
         <input_file_ref idref="fl-3"/>
      </object_component>
      <object_component id="oc-37f">
         <name>.debug_line</name>
         <load_address>0x76a</load_address>
         <run_address>0x76a</run_address>
         <size>0x4a</size>
         <input_file_ref idref="fl-3"/>
      </object_component>
      <object_component id="oc-30d">
         <name>.debug_line</name>
         <load_address>0x7b4</load_address>
         <run_address>0x7b4</run_address>
         <size>0x7c</size>
         <input_file_ref idref="fl-3"/>
      </object_component>
      <object_component id="oc-304">
         <name>.debug_line</name>
         <load_address>0x830</load_address>
         <run_address>0x830</run_address>
         <size>0x4c</size>
         <input_file_ref idref="fl-3"/>
      </object_component>
      <object_component id="oc-3a0">
         <name>.debug_line</name>
         <load_address>0x87c</load_address>
         <run_address>0x87c</run_address>
         <size>0x47</size>
         <input_file_ref idref="fl-3"/>
      </object_component>
      <object_component id="oc-3a6">
         <name>.debug_line</name>
         <load_address>0x8c3</load_address>
         <run_address>0x8c3</run_address>
         <size>0x5b</size>
         <input_file_ref idref="fl-3"/>
      </object_component>
      <object_component id="oc-38e">
         <name>.debug_line</name>
         <load_address>0x91e</load_address>
         <run_address>0x91e</run_address>
         <size>0x5c</size>
         <input_file_ref idref="fl-3"/>
      </object_component>
      <object_component id="oc-39b">
         <name>.debug_line</name>
         <load_address>0x97a</load_address>
         <run_address>0x97a</run_address>
         <size>0x46</size>
         <input_file_ref idref="fl-3"/>
      </object_component>
      <object_component id="oc-3ff">
         <name>.debug_line</name>
         <load_address>0x9c0</load_address>
         <run_address>0x9c0</run_address>
         <size>0x74</size>
         <input_file_ref idref="fl-3"/>
      </object_component>
      <object_component id="oc-288">
         <name>.debug_line</name>
         <load_address>0xa34</load_address>
         <run_address>0xa34</run_address>
         <size>0x20</size>
         <input_file_ref idref="fl-5"/>
      </object_component>
      <object_component id="oc-44d">
         <name>.debug_line</name>
         <load_address>0xa54</load_address>
         <run_address>0xa54</run_address>
         <size>0x66</size>
         <input_file_ref idref="fl-6"/>
      </object_component>
      <object_component id="oc-4cf">
         <name>.debug_line</name>
         <load_address>0xaba</load_address>
         <run_address>0xaba</run_address>
         <size>0x20</size>
         <input_file_ref idref="fl-d"/>
      </object_component>
      <object_component id="oc-3f4">
         <name>.debug_line</name>
         <load_address>0xada</load_address>
         <run_address>0xada</run_address>
         <size>0x47</size>
         <input_file_ref idref="fl-d"/>
      </object_component>
      <object_component id="oc-349">
         <name>.debug_line</name>
         <load_address>0xb21</load_address>
         <run_address>0xb21</run_address>
         <size>0x66</size>
         <input_file_ref idref="fl-d"/>
      </object_component>
      <object_component id="oc-344">
         <name>.debug_line</name>
         <load_address>0xb87</load_address>
         <run_address>0xb87</run_address>
         <size>0x66</size>
         <input_file_ref idref="fl-d"/>
      </object_component>
      <object_component id="oc-449">
         <name>.debug_line</name>
         <load_address>0xbed</load_address>
         <run_address>0xbed</run_address>
         <size>0x74</size>
         <input_file_ref idref="fl-d"/>
      </object_component>
      <object_component id="oc-43d">
         <name>.debug_line</name>
         <load_address>0xc61</load_address>
         <run_address>0xc61</run_address>
         <size>0x74</size>
         <input_file_ref idref="fl-d"/>
      </object_component>
      <object_component id="oc-41e">
         <name>.debug_line</name>
         <load_address>0xcd5</load_address>
         <run_address>0xcd5</run_address>
         <size>0x67</size>
         <input_file_ref idref="fl-d"/>
      </object_component>
      <object_component id="oc-430">
         <name>.debug_line</name>
         <load_address>0xd3c</load_address>
         <run_address>0xd3c</run_address>
         <size>0x69</size>
         <input_file_ref idref="fl-d"/>
      </object_component>
      <object_component id="oc-424">
         <name>.debug_line</name>
         <load_address>0xda5</load_address>
         <run_address>0xda5</run_address>
         <size>0x68</size>
         <input_file_ref idref="fl-d"/>
      </object_component>
      <object_component id="oc-42a">
         <name>.debug_line</name>
         <load_address>0xe0d</load_address>
         <run_address>0xe0d</run_address>
         <size>0x6f</size>
         <input_file_ref idref="fl-d"/>
      </object_component>
      <object_component id="oc-34f">
         <name>.debug_line</name>
         <load_address>0xe7c</load_address>
         <run_address>0xe7c</run_address>
         <size>0x64</size>
         <input_file_ref idref="fl-d"/>
      </object_component>
      <object_component id="oc-436">
         <name>.debug_line</name>
         <load_address>0xee0</load_address>
         <run_address>0xee0</run_address>
         <size>0x66</size>
         <input_file_ref idref="fl-d"/>
      </object_component>
      <object_component id="oc-2f8">
         <name>.debug_line</name>
         <load_address>0xf46</load_address>
         <run_address>0xf46</run_address>
         <size>0x66</size>
         <input_file_ref idref="fl-d"/>
      </object_component>
      <object_component id="oc-537">
         <name>.debug_line</name>
         <load_address>0xfac</load_address>
         <run_address>0xfac</run_address>
         <size>0x20</size>
         <input_file_ref idref="fl-f"/>
      </object_component>
      <object_component id="oc-4fb">
         <name>.debug_line</name>
         <load_address>0xfcc</load_address>
         <run_address>0xfcc</run_address>
         <size>0x48</size>
         <input_file_ref idref="fl-f"/>
      </object_component>
      <object_component id="oc-479">
         <name>.debug_line</name>
         <load_address>0x1014</load_address>
         <run_address>0x1014</run_address>
         <size>0x5f</size>
         <input_file_ref idref="fl-f"/>
      </object_component>
      <object_component id="oc-473">
         <name>.debug_line</name>
         <load_address>0x1073</load_address>
         <run_address>0x1073</run_address>
         <size>0x5f</size>
         <input_file_ref idref="fl-f"/>
      </object_component>
      <object_component id="oc-4f2">
         <name>.debug_line</name>
         <load_address>0x10d2</load_address>
         <run_address>0x10d2</run_address>
         <size>0x65</size>
         <input_file_ref idref="fl-f"/>
      </object_component>
      <object_component id="oc-464">
         <name>.debug_line</name>
         <load_address>0x1137</load_address>
         <run_address>0x1137</run_address>
         <size>0x87</size>
         <input_file_ref idref="fl-f"/>
      </object_component>
      <object_component id="oc-491">
         <name>.debug_line</name>
         <load_address>0x11be</load_address>
         <run_address>0x11be</run_address>
         <size>0x82</size>
         <input_file_ref idref="fl-f"/>
      </object_component>
      <object_component id="oc-485">
         <name>.debug_line</name>
         <load_address>0x1240</load_address>
         <run_address>0x1240</run_address>
         <size>0x5f</size>
         <input_file_ref idref="fl-f"/>
      </object_component>
      <object_component id="oc-2fe">
         <name>.debug_line</name>
         <load_address>0x129f</load_address>
         <run_address>0x129f</run_address>
         <size>0x5f</size>
         <input_file_ref idref="fl-f"/>
      </object_component>
      <object_component id="oc-497">
         <name>.debug_line</name>
         <load_address>0x12fe</load_address>
         <run_address>0x12fe</run_address>
         <size>0x5f</size>
         <input_file_ref idref="fl-f"/>
      </object_component>
      <object_component id="oc-46d">
         <name>.debug_line</name>
         <load_address>0x135d</load_address>
         <run_address>0x135d</run_address>
         <size>0x64</size>
         <input_file_ref idref="fl-f"/>
      </object_component>
      <object_component id="oc-47f">
         <name>.debug_line</name>
         <load_address>0x13c1</load_address>
         <run_address>0x13c1</run_address>
         <size>0x5e</size>
         <input_file_ref idref="fl-f"/>
      </object_component>
      <object_component id="oc-48b">
         <name>.debug_line</name>
         <load_address>0x141f</load_address>
         <run_address>0x141f</run_address>
         <size>0x5e</size>
         <input_file_ref idref="fl-f"/>
      </object_component>
      <object_component id="oc-442">
         <name>.debug_line</name>
         <load_address>0x147d</load_address>
         <run_address>0x147d</run_address>
         <size>0x5c</size>
         <input_file_ref idref="fl-11"/>
      </object_component>
      <object_component id="oc-457">
         <name>.debug_line</name>
         <load_address>0x14d9</load_address>
         <run_address>0x14d9</run_address>
         <size>0x5c</size>
         <input_file_ref idref="fl-12"/>
      </object_component>
      <object_component id="oc-45e">
         <name>.debug_line</name>
         <load_address>0x1535</load_address>
         <run_address>0x1535</run_address>
         <size>0x5f</size>
         <input_file_ref idref="fl-12"/>
      </object_component>
      <object_component id="oc-389">
         <name>.debug_line</name>
         <load_address>0x1594</load_address>
         <run_address>0x1594</run_address>
         <size>0x60</size>
         <input_file_ref idref="fl-1a"/>
      </object_component>
      <object_component id="oc-40a">
         <name>.debug_line</name>
         <load_address>0x15f4</load_address>
         <run_address>0x15f4</run_address>
         <size>0x4d</size>
         <input_file_ref idref="fl-35"/>
      </object_component>
      <object_component id="oc-4d5">
         <name>.debug_line</name>
         <load_address>0x1641</load_address>
         <run_address>0x1641</run_address>
         <size>0x43</size>
         <input_file_ref idref="fl-36"/>
      </object_component>
      <object_component id="oc-29a">
         <name>.debug_line</name>
         <load_address>0x1684</load_address>
         <run_address>0x1684</run_address>
         <size>0x3d</size>
         <input_file_ref idref="fl-45"/>
      </object_component>
      <object_component id="oc-4f8">
         <name>.debug_line</name>
         <load_address>0x16c1</load_address>
         <run_address>0x16c1</run_address>
         <size>0x3b</size>
         <input_file_ref idref="fl-46"/>
      </object_component>
      <object_component id="oc-4ea">
         <name>.debug_line</name>
         <load_address>0x16fc</load_address>
         <run_address>0x16fc</run_address>
         <size>0x3b</size>
         <input_file_ref idref="fl-47"/>
      </object_component>
      <object_component id="oc-2e4">
         <name>.debug_line</name>
         <load_address>0x1737</load_address>
         <run_address>0x1737</run_address>
         <size>0x2a</size>
         <input_file_ref idref="fl-49"/>
      </object_component>
      <object_component id="oc-2ba">
         <name>.debug_line</name>
         <load_address>0x1761</load_address>
         <run_address>0x1761</run_address>
         <size>0x46</size>
         <input_file_ref idref="fl-49"/>
      </object_component>
      <object_component id="oc-51b">
         <name>.debug_line</name>
         <load_address>0x17a7</load_address>
         <run_address>0x17a7</run_address>
         <size>0xc2</size>
         <input_file_ref idref="fl-4a"/>
      </object_component>
      <object_component id="oc-3d7">
         <name>.debug_line</name>
         <load_address>0x1869</load_address>
         <run_address>0x1869</run_address>
         <size>0x83</size>
         <input_file_ref idref="fl-4a"/>
      </object_component>
      <object_component id="oc-51f">
         <name>.debug_line</name>
         <load_address>0x18ec</load_address>
         <run_address>0x18ec</run_address>
         <size>0x2e</size>
         <input_file_ref idref="fl-4a"/>
      </object_component>
      <object_component id="oc-530">
         <name>.debug_line</name>
         <load_address>0x191a</load_address>
         <run_address>0x191a</run_address>
         <size>0x9d</size>
         <input_file_ref idref="fl-4a"/>
      </object_component>
      <object_component id="oc-4c2">
         <name>.debug_line</name>
         <load_address>0x19b7</load_address>
         <run_address>0x19b7</run_address>
         <size>0x9a</size>
         <input_file_ref idref="fl-4a"/>
      </object_component>
      <object_component id="oc-524">
         <name>.debug_line</name>
         <load_address>0x1a51</load_address>
         <run_address>0x1a51</run_address>
         <size>0x96</size>
         <input_file_ref idref="fl-4a"/>
      </object_component>
      <object_component id="oc-2ab">
         <name>.debug_line</name>
         <load_address>0x1ae7</load_address>
         <run_address>0x1ae7</run_address>
         <size>0x53</size>
         <input_file_ref idref="fl-4b"/>
      </object_component>
      <object_component id="oc-315">
         <name>.debug_line</name>
         <load_address>0x1b3a</load_address>
         <run_address>0x1b3a</run_address>
         <size>0x34</size>
         <input_file_ref idref="fl-4b"/>
      </object_component>
      <object_component id="oc-31c">
         <name>.debug_line</name>
         <load_address>0x1b6e</load_address>
         <run_address>0x1b6e</run_address>
         <size>0x3e</size>
         <input_file_ref idref="fl-4e"/>
      </object_component>
      <object_component id="oc-4b2">
         <name>.debug_line</name>
         <load_address>0x1bac</load_address>
         <run_address>0x1bac</run_address>
         <size>0x3a</size>
         <input_file_ref idref="fl-4f"/>
      </object_component>
      <object_component id="oc-2ec">
         <name>.debug_line</name>
         <load_address>0x1be6</load_address>
         <run_address>0x1be6</run_address>
         <size>0x3a</size>
         <input_file_ref idref="fl-50"/>
      </object_component>
      <object_component id="oc-6e">
         <name>.debug_line</name>
         <load_address>0x1c20</load_address>
         <run_address>0x1c20</run_address>
         <size>0x50</size>
[...]
         <name>UCA0IV</name>
         <value>0x51e</value>
      </symbol>
      <symbol id="sm-1c8">
         <name>UCB0CTLW0</name>
         <value>0x540</value>
      </symbol>
      <symbol id="sm-1c9">
         <name>UCB0CTLW0_L</name>
         <value>0x540</value>
      </symbol>
      <symbol id="sm-1ca">
         <name>UCB0CTLW0_H</name>
         <value>0x541</value>
      </symbol>
      <symbol id="sm-1cb">
         <name>UCB0CTLW1</name>
         <value>0x542</value>
      </symbol>
      <symbol id="sm-1cc">
         <name>UCB0CTLW1_L</name>
         <value>0x542</value>
      </symbol>
      <symbol id="sm-1cd">
         <name>UCB0CTLW1_H</name>
         <value>0x543</value>
      </symbol>
      <symbol id="sm-1ce">
         <name>UCB0BRW</name>
         <value>0x546</value>
      </symbol>
      <symbol id="sm-1cf">
         <name>UCB0BRW_L</name>
         <value>0x546</value>
      </symbol>
      <symbol id="sm-1d0">
         <name>UCB0BRW_H</name>
         <value>0x547</value>
      </symbol>
      <symbol id="sm-1d1">
         <name>UCB0STATW</name>
         <value>0x548</value>
      </symbol>
      <symbol id="sm-1d2">
         <name>UCB0STATW_L</name>
         <value>0x548</value>
      </symbol>
      <symbol id="sm-1d3">
         <name>UCB0STATW_H</name>
         <value>0x549</value>
      </symbol>
      <symbol id="sm-1d4">
         <name>UCB0TBCNT</name>
         <value>0x54a</value>
      </symbol>
      <symbol id="sm-1d5">
         <name>UCB0TBCNT_L</name>
         <value>0x54a</value>
      </symbol>
      <symbol id="sm-1d6">
         <name>UCB0TBCNT_H</name>
         <value>0x54b</value>
      </symbol>
      <symbol id="sm-1d7">
         <name>UCB0RXBUF</name>
         <value>0x54c</value>
      </symbol>
      <symbol id="sm-1d8">
         <name>UCB0RXBUF_L</name>
         <value>0x54c</value>
      </symbol>
      <symbol id="sm-1d9">
         <name>UCB0RXBUF_H</name>
         <value>0x54d</value>
      </symbol>
      <symbol id="sm-1da">
         <name>UCB0TXBUF</name>
         <value>0x54e</value>
      </symbol>
      <symbol id="sm-1db">
         <name>UCB0TXBUF_L</name>
         <value>0x54e</value>
      </symbol>
      <symbol id="sm-1dc">
         <name>UCB0TXBUF_H</name>
         <value>0x54f</value>
      </symbol>
      <symbol id="sm-1dd">
         <name>UCB0I2COA0</name>
         <value>0x554</value>
      </symbol>
      <symbol id="sm-1de">
         <name>UCB0I2COA0_L</name>
         <value>0x554</value>
      </symbol>
      <symbol id="sm-1df">
         <name>UCB0I2COA0_H</name>
         <value>0x555</value>
      </symbol>
      <symbol id="sm-1e0">
         <name>UCB0I2COA1</name>
         <value>0x556</value>
      </symbol>
      <symbol id="sm-1e1">
         <name>UCB0I2COA1_L</name>
         <value>0x556</value>
      </symbol>
      <symbol id="sm-1e2">
         <name>UCB0I2COA1_H</name>
         <value>0x557</value>
      </symbol>
      <symbol id="sm-1e3">
         <name>UCB0I2COA2</name>
         <value>0x558</value>
      </symbol>
      <symbol id="sm-1e4">
         <name>UCB0I2COA2_L</name>
         <value>0x558</value>
      </symbol>
      <symbol id="sm-1e5">
         <name>UCB0I2COA2_H</name>
         <value>0x559</value>
      </symbol>
      <symbol id="sm-1e6">
         <name>UCB0I2COA3</name>
         <value>0x55a</value>
      </symbol>
      <symbol id="sm-1e7">
         <name>UCB0I2COA3_L</name>
         <value>0x55a</value>
      </symbol>
      <symbol id="sm-1e8">
         <name>UCB0I2COA3_H</name>
         <value>0x55b</value>
      </symbol>
      <symbol id="sm-1e9">
         <name>UCB0ADDRX</name>
         <value>0x55c</value>
      </symbol>
      <symbol id="sm-1ea">
         <name>UCB0ADDRX_L</name>
         <value>0x55c</value>
      </symbol>
      <symbol id="sm-1eb">
         <name>UCB0ADDRX_H</name>
         <value>0x55d</value>
      </symbol>
      <symbol id="sm-1ec">
         <name>UCB0ADDMASK</name>
         <value>0x55e</value>
      </symbol>
      <symbol id="sm-1ed">
         <name>UCB0ADDMASK_L</name>
         <value>0x55e</value>
      </symbol>
      <symbol id="sm-1ee">
         <name>UCB0ADDMASK_H</name>
         <value>0x55f</value>
      </symbol>
      <symbol id="sm-1ef">
         <name>UCB0I2CSA</name>
         <value>0x560</value>
      </symbol>
      <symbol id="sm-1f0">
         <name>UCB0I2CSA_L</name>
         <value>0x560</value>
      </symbol>
      <symbol id="sm-1f1">
         <name>UCB0I2CSA_H</name>
         <value>0x561</value>
      </symbol>
      <symbol id="sm-1f2">
         <name>UCB0IE</name>
         <value>0x56a</value>
      </symbol>
      <symbol id="sm-1f3">
         <name>UCB0IE_L</name>
         <value>0x56a</value>
      </symbol>
      <symbol id="sm-1f4">
         <name>UCB0IE_H</name>
         <value>0x56b</value>
      </symbol>
      <symbol id="sm-1f5">
         <name>UCB0IFG</name>
         <value>0x56c</value>
      </symbol>
      <symbol id="sm-1f6">
         <name>UCB0IFG_L</name>
         <value>0x56c</value>
      </symbol>
      <symbol id="sm-1f7">
         <name>UCB0IFG_H</name>
         <value>0x56d</value>
      </symbol>
      <symbol id="sm-1f8">
         <name>UCB0IV</name>
         <value>0x56e</value>
      </symbol>
      <symbol id="sm-1f9">
         <name>WDTCTL</name>
         <value>0x1cc</value>
      </symbol>
      <symbol id="sm-1fa">
         <name>WDTCTL_L</name>
         <value>0x1cc</value>
      </symbol>
      <symbol id="sm-1fb">
         <name>WDTCTL_H</name>
         <value>0x1cd</value>
      </symbol>
      <symbol id="sm-1fc">
         <name>__TI_CINIT_Base</name>
         <value>0xc424</value>
      </symbol>
      <symbol id="sm-1fd">
         <name>__TI_CINIT_Limit</name>
         <value>0xc434</value>
      </symbol>
      <symbol id="sm-1fe">
         <name>__TI_Handler_Table_Base</name>
         <value>0xc412</value>
      </symbol>
      <symbol id="sm-1ff">
         <name>__TI_Handler_Table_Limit</name>
         <value>0xc41e</value>
      </symbol>
      <symbol id="sm-200">
         <name>__STACK_SIZE</name>
         <value>0xa0</value>
      </symbol>
      <symbol id="sm-201">
         <name>__STACK_END</name>
         <value>0x2800</value>
      </symbol>
      <symbol id="sm-202">
         <name>__c_args__</name>
         <value>0xffffffff</value>
      </symbol>
      <symbol id="sm-203">
         <name>__TI_pprof_out_hndl</name>
         <value>0xffffffff</value>
      </symbol>
      <symbol id="sm-204">
         <name>__TI_prof_data_start</name>
         <value>0xffffffff</value>
      </symbol>
      <symbol id="sm-205">
         <name>__TI_prof_data_size</name>
         <value>0xffffffff</value>
      </symbol>
      <symbol id="sm-2bf">
         <name>pressedKey</name>
         <value>0x200c</value>
      </symbol>
      <symbol id="sm-2c0">
         <name>setupKeypad</name>
         <value>0xc6d2</value>
         <object_component_ref idref="oc-390"/>
      </symbol>
      <symbol id="sm-2c1">
         <name>Key</name>
         <value>0xc4a8</value>
         <object_component_ref idref="oc-2ee"/>
      </symbol>
      <symbol id="sm-2c2">
         <name>__TI_int47</name>
         <value>0xffe6</value>
         <object_component_ref idref="oc-72"/>
      </symbol>
      <symbol id="sm-2c3">
         <name>__TI_int52</name>
         <value>0xfff0</value>
         <object_component_ref idref="oc-77"/>
      </symbol>
      <symbol id="sm-2c4">
         <name>PORT1_ISR</name>
         <value>0xcf02</value>
         <object_component_ref idref="oc-29b"/>
      </symbol>
      <symbol id="sm-2c5">
         <name>main</name>
         <value>0xcdfc</value>
         <object_component_ref idref="oc-31e"/>
      </symbol>
      <symbol id="sm-2c6">
         <name>toggleLED</name>
         <value>0xcc84</value>
         <object_component_ref idref="oc-3a8"/>
      </symbol>
      <symbol id="sm-2c7">
         <name>hexaKeys</name>
         <value>0x2000</value>
         <object_component_ref idref="oc-351"/>
      </symbol>
      <symbol id="sm-2c8">
         <name>RTC_ISR</name>
         <value>0xd1d2</value>
         <object_component_ref idref="oc-2a1"/>
      </symbol>
      <symbol id="sm-323">
         <name>clearLCD</name>
         <value>0xce86</value>
         <object_component_ref idref="oc-300"/>
      </symbol>
      <symbol id="sm-324">
         <name>Init_GPIO</name>
         <value>0xc8c8</value>
         <object_component_ref idref="oc-38a"/>
      </symbol>
      <symbol id="sm-325">
         <name>Init_Clock</name>
         <value>0xd23c</value>
         <object_component_ref idref="oc-396"/>
      </symbol>
      <symbol id="sm-326">
         <name>displayScrollText</name>
         <value>0xc9b4</value>
         <object_component_ref idref="oc-309"/>
      </symbol>
      <symbol id="sm-327">
         <name>showChar</name>
         <value>0xcbf2</value>
         <object_component_ref idref="oc-37b"/>
      </symbol>
      <symbol id="sm-328">
         <name>Init_LCD</name>
         <value>0xca8a</value>
         <object_component_ref idref="oc-3a2"/>
      </symbol>
      <symbol id="sm-329">
         <name>alphabetBig</name>
         <value>0xc434</value>
         <object_component_ref idref="oc-40b"/>
      </symbol>
      <symbol id="sm-32a">
         <name>Init_RTC</name>
         <value>0xd136</value>
         <object_component_ref idref="oc-39c"/>
      </symbol>
      <symbol id="sm-32b">
         <name>digit</name>
         <value>0xc484</value>
         <object_component_ref idref="oc-40e"/>
      </symbol>
      <symbol id="sm-33d">
         <name>CS_turnOnXT1LF</name>
         <value>0xcfe2</value>
         <object_component_ref idref="oc-44c"/>
      </symbol>
      <symbol id="sm-3af">
         <name>GPIO_setAsInputPin</name>
         <value>0xd0c8</value>
         <object_component_ref idref="oc-420"/>
      </symbol>
      <symbol id="sm-3b0">
         <name>GPIO_clearInterrupt</name>
         <value>0xd14e</value>
         <object_component_ref idref="oc-2f4"/>
      </symbol>
      <symbol id="sm-3b1">
         <name>GPIO_setOutputHighOnPin</name>
         <value>0xd17a</value>
         <object_component_ref idref="oc-33f"/>
      </symbol>
      <symbol id="sm-3b2">
         <name>GPIO_selectInterruptEdge</name>
         <value>0xd088</value>
         <object_component_ref idref="oc-426"/>
      </symbol>
      <symbol id="sm-3b3">
         <name>GPIO_setAsInputPinWithPullUpResistor</name>
         <value>0xd066</value>
         <object_component_ref idref="oc-42c"/>
      </symbol>
      <symbol id="sm-3b4">
         <name>GPIO_enableInterrupt</name>
         <value>0xd164</value>
         <object_component_ref idref="oc-432"/>
      </symbol>
      <symbol id="sm-3b5">
         <name>GPIO_setAsOutputPin</name>
         <value>0xd11c</value>
         <object_component_ref idref="oc-41a"/>
      </symbol>
      <symbol id="sm-3b6">
         <name>GPIO_setOutputLowOnPin</name>
         <value>0xd190</value>
         <object_component_ref idref="oc-345"/>
      </symbol>
      <symbol id="sm-3b7">
         <name>GPIO_setAsPeripheralModuleFunctionOutputPin</name>
         <value>0xcfae</value>
         <object_component_ref idref="oc-445"/>
      </symbol>
      <symbol id="sm-3b8">
         <name>GPIO_getInputPinValue</name>
         <value>0xd102</value>
         <object_component_ref idref="oc-34b"/>
      </symbol>
      <symbol id="sm-3b9">
         <name>GPIO_setAsPeripheralModuleFunctionInputPin</name>
         <value>0xcf7a</value>
         <object_component_ref idref="oc-438"/>
      </symbol>
      <symbol id="sm-41f">
         <name>LCD_E_clearAllMemory</name>
         <value>0xd27e</value>
         <object_component_ref idref="oc-487"/>
      </symbol>
      <symbol id="sm-420">
         <name>LCD_E_on</name>
         <value>0xd218</value>
         <object_component_ref idref="oc-493"/>
      </symbol>
      <symbol id="sm-421">
         <name>LCD_E_setPinAsCOM</name>
         <value>0xcb54</value>
         <object_component_ref idref="oc-48d"/>
      </symbol>
      <symbol id="sm-422">
         <name>LCD_E_setVLCDSource</name>
         <value>0xd1e6</value>
         <object_component_ref idref="oc-46f"/>
      </symbol>
      <symbol id="sm-423">
         <name>LCD_E_selectDisplayMemory</name>
         <value>0xd246</value>
         <object_component_ref idref="oc-2fa"/>
      </symbol>
      <symbol id="sm-424">
         <name>LCD_E_setChargePumpFreq</name>
         <value>0xd224</value>
         <object_component_ref idref="oc-481"/>
      </symbol>
      <symbol id="sm-425">
         <name>LCD_E_init</name>
         <value>0xd03e</value>
         <object_component_ref idref="oc-469"/>
      </symbol>
      <symbol id="sm-426">
         <name>LCD_E_enableChargePump</name>
         <value>0xd26e</value>
         <object_component_ref idref="oc-47b"/>
      </symbol>
      <symbol id="sm-427">
         <name>LCD_E_setVLCDVoltage</name>
         <value>0xd230</value>
         <object_component_ref idref="oc-475"/>
      </symbol>
      <symbol id="sm-428">
         <name>LCD_E_INIT_PARAM</name>
         <value>0xc498</value>
         <object_component_ref idref="oc-466"/>
      </symbol>
      <symbol id="sm-429">
         <name>LCD_E_setPinAsLCDFunctionEx</name>
         <value>0xcd12</value>
         <object_component_ref idref="oc-460"/>
      </symbol>
      <symbol id="sm-433">
         <name>PMM_unlockLPM5</name>
         <value>0xd284</value>
         <object_component_ref idref="oc-43e"/>
      </symbol>
      <symbol id="sm-444">
         <name>RTC_setModulo</name>
         <value>0xd28a</value>
         <object_component_ref idref="oc-453"/>
      </symbol>
      <symbol id="sm-445">
         <name>RTC_enableInterrupt</name>
         <value>0xd250</value>
         <object_component_ref idref="oc-459"/>
      </symbol>
      <symbol id="sm-455">
         <name>WDT_A_hold</name>
         <value>0xd1a6</value>
         <object_component_ref idref="oc-384"/>
      </symbol>
      <symbol id="sm-461">
         <name>__mspabi_remi</name>
         <value>0xd012</value>
         <object_component_ref idref="oc-406"/>
      </symbol>
      <symbol id="sm-462">
         <name>__mspabi_divi</name>
         <value>0xd012</value>
         <object_component_ref idref="oc-406"/>
      </symbol>
      <symbol id="sm-46c">
         <name>__mspabi_remu</name>
         <value>0xd1bc</value>
         <object_component_ref idref="oc-4d4"/>
      </symbol>
      <symbol id="sm-46d">
         <name>__mspabi_divu</name>
         <value>0xd1bc</value>
         <object_component_ref idref="oc-4d4"/>
      </symbol>
      <symbol id="sm-472">
         <name>__TI_int45</name>
         <value>0xffe2</value>
         <object_component_ref idref="oc-70"/>
      </symbol>
      <symbol id="sm-475">
         <name>__TI_int46</name>
         <value>0xffe4</value>
         <object_component_ref idref="oc-71"/>
      </symbol>
      <symbol id="sm-478">
         <name>__TI_int48</name>
         <value>0xffe8</value>
         <object_component_ref idref="oc-73"/>
      </symbol>
      <symbol id="sm-47b">
         <name>__TI_int49</name>
         <value>0xffea</value>
         <object_component_ref idref="oc-74"/>
      </symbol>
      <symbol id="sm-47e">
         <name>__TI_int50</name>
         <value>0xffec</value>
         <object_component_ref idref="oc-75"/>
      </symbol>
      <symbol id="sm-481">
         <name>__TI_int51</name>
         <value>0xffee</value>
         <object_component_ref idref="oc-76"/>
      </symbol>
      <symbol id="sm-484">
         <name>__TI_int53</name>
         <value>0xfff2</value>
         <object_component_ref idref="oc-78"/>
      </symbol>
      <symbol id="sm-487">
         <name>__TI_int54</name>
         <value>0xfff4</value>
         <object_component_ref idref="oc-79"/>
      </symbol>
      <symbol id="sm-48a">
         <name>__TI_int55</name>
         <value>0xfff6</value>
         <object_component_ref idref="oc-7a"/>
      </symbol>
      <symbol id="sm-48d">
         <name>__TI_int56</name>
         <value>0xfff8</value>
         <object_component_ref idref="oc-7b"/>
      </symbol>
      <symbol id="sm-490">
         <name>__TI_int57</name>
         <value>0xfffa</value>
         <object_component_ref idref="oc-7c"/>
      </symbol>
      <symbol id="sm-493">
         <name>__TI_int58</name>
         <value>0xfffc</value>
         <object_component_ref idref="oc-7d"/>
      </symbol>
      <symbol id="sm-49b">
         <name>__TI_ISR_TRAP</name>
         <value>0xd276</value>
         <object_component_ref idref="oc-296"/>
      </symbol>
      <symbol id="sm-4a4">
         <name>__mspabi_slli</name>
         <value>0xd25a</value>
         <object_component_ref idref="oc-4f4"/>
      </symbol>
      <symbol id="sm-4ad">
         <name>__mspabi_srli</name>
         <value>0xd264</value>
         <object_component_ref idref="oc-4e9"/>
      </symbol>
      <symbol id="sm-4be">
         <name>_stack</name>
         <value>0x2760</value>
         <object_component_ref idref="oc-27b"/>
      </symbol>
      <symbol id="sm-4bf">
         <name>_c_int00_noargs</name>
         <value>0xd0e6</value>
         <object_component_ref idref="oc-2b9"/>
      </symbol>
      <symbol id="sm-4c0">
         <name>_reset_vector</name>
         <value>0xfffe</value>
         <object_component_ref idref="oc-27e"/>
      </symbol>
      <symbol id="sm-4e2">
         <name>__TI_auto_init_nobinit_nopinit_hold_wdt</name>
         <value>0xcd92</value>
         <object_component_ref idref="oc-3d3"/>
      </symbol>
      <symbol id="sm-4f2">
         <name>__TI_zero_init_nomemset</name>
         <value>0xcec4</value>
         <object_component_ref idref="oc-2a7"/>
      </symbol>
      <symbol id="sm-4fd">
         <name>_system_pre_init</name>
         <value>0xd296</value>
         <object_component_ref idref="oc-318"/>
      </symbol>
      <symbol id="sm-506">
         <name>_system_post_cinit</name>
         <value>0xd29a</value>
         <object_component_ref idref="oc-4ad"/>
      </symbol>
      <symbol id="sm-517">
         <name>__TI_decompress_none</name>
         <value>0xcf3e</value>
         <object_component_ref idref="oc-6a"/>
      </symbol>
      <symbol id="sm-538">
         <name>__TI_decompress_lzss</name>
         <value>0xc7da</value>
         <object_component_ref idref="oc-64"/>
      </symbol>
      <symbol id="sm-542">
         <name>C$$EXIT</name>
         <value>0xd290</value>
         <object_component_ref idref="oc-3af"/>
      </symbol>
      <symbol id="sm-543">
         <name>abort</name>
         <value>0xd290</value>
         <object_component_ref idref="oc-3af"/>
      </symbol>
      <symbol id="sm-553">
         <name>memcpy</name>
         <value>0xd1f8</value>
         <object_component_ref idref="oc-375"/>
      </symbol>
      <symbol id="sm-560">
         <name>strlen</name>
         <value>0xd20a</value>
         <object_component_ref idref="oc-36c"/>
      </symbol>
      <symbol id="sm-56b">
         <name>__memcpy_far</name>
         <value>0xce46</value>
         <object_component_ref idref="oc-28a"/>
      </symbol>
   </symbol_table>
   <title>Link successful</title>
</link_info>
