<?xml version="1.0" encoding="ISO-8859-1" ?>
<link_info>
   <banner>MSP430 Linker PC v18.1.4.LTS</banner>
   <copyright>Copyright (c) 2003-2018 Texas Instruments Incorporated</copyright>
   <link_time>0x5ce5aab2</link_time>
   <link_errors>0x0</link_errors>
   <output_file>Example_Keypad.out</output_file>
   <entry_point>
      <name>_c_int00_noargs</name>
      <address>0xd68a</address>
   </entry_point>
   <input_file_list>
      <input_file id="fl-2">
         <path>.\</path>
         <kind>object</kind>
         <file>keypadButton.obj</file>
         <name>keypadButton.obj</name>
      </input_file>
      <input_file id="fl-3">
         <path>.\driverlib\MSP430FR2xx_4xx\</path>
         <kind>object</kind>
         <file>adc.obj</file>
         <name>adc.obj</name>
      </input_file>
      <input_file id="fl-4">
         <path>.\driverlib\MSP430FR2xx_4xx\</path>
         <kind>object</kind>
         <file>crc.obj</file>
         <name>crc.obj</name>
      </input_file>
      <input_file id="fl-5">
         <path>.\driverlib\MSP430FR2xx_4xx\</path>
         <kind>object</kind>
         <file>cs.obj</file>
         <name>cs.obj</name>
      </input_file>
      <input_file id="fl-6">
         <path>.\driverlib\MSP430FR2xx_4xx\</path>
         <kind>object</kind>
         <file>ecomp.obj</file>
         <name>ecomp.obj</name>
      </input_file>
      <input_file id="fl-7">
         <path>.\driverlib\MSP430FR2xx_4xx\</path>
         <kind>object</kind>
         <file>eusci_a_spi.obj</file>
         <name>eusci_a_spi.obj</name>
      </input_file>
      <input_file id="fl-8">
         <path>.\driverlib\MSP430FR2xx_4xx\</path>
         <kind>object</kind>
         <file>eusci_a_uart.obj</file>
         <name>eusci_a_uart.obj</name>
      </input_file>
      <input_file id="fl-9">
         <path>.\driverlib\MSP430FR2xx_4xx\</path>
         <kind>object</kind>
         <file>eusci_b_i2c.obj</file>
         <name>eusci_b_i2c.obj</name>
      </input_file>
      <input_file id="fl-a">
         <path>.\driverlib\MSP430FR2xx_4xx\</path>
         <kind>object</kind>
         <file>eusci_b_spi.obj</file>
         <name>eusci_b_spi.obj</name>
      </input_file>
      <input_file id="fl-b">
         <path>.\driverlib\MSP430FR2xx_4xx\</path>
         <kind>object</kind>
         <file>framctl.obj</file>
         <name>framctl.obj</name>
      </input_file>
      <input_file id="fl-c">
         <path>.\driverlib\MSP430FR2xx_4xx\</path>
         <kind>object</kind>
         <file>gpio.obj</file>
         <name>gpio.obj</name>
      </input_file>
      <input_file id="fl-d">
         <path>.\driverlib\MSP430FR2xx_4xx\</path>
         <kind>object</kind>
         <file>icc.obj</file>
         <name>icc.obj</name>
      </input_file>
      <input_file id="fl-e">
         <path>.\driverlib\MSP430FR2xx_4xx\</path>
         <kind>object</kind>
         <file>lcd_e.obj</file>
         <name>lcd_e.obj</name>
      </input_file>
      <input_file id="fl-f">
         <path>.\driverlib\MSP430FR2xx_4xx\</path>
         <kind>object</kind>
         <file>mpy32.obj</file>
         <name>mpy32.obj</name>
      </input_file>
      <input_file id="fl-10">
         <path>.\driverlib\MSP430FR2xx_4xx\</path>
         <kind>object</kind>
         <file>pmm.obj</file>
         <name>pmm.obj</name>
      </input_file>
      <input_file id="fl-11">
         <path>.\driverlib\MSP430FR2xx_4xx\</path>
         <kind>object</kind>
         <file>rtc.obj</file>
         <name>rtc.obj</name>
      </input_file>
      <input_file id="fl-12">
         <path>.\driverlib\MSP430FR2xx_4xx\</path>
         <kind>object</kind>
         <file>sac.obj</file>
         <name>sac.obj</name>
      </input_file>
      <input_file id="fl-13">
         <path>.\driverlib\MSP430FR2xx_4xx\</path>
         <kind>object</kind>
         <file>sfr.obj</file>
         <name>sfr.obj</name>
      </input_file>
      <input_file id="fl-14">
         <path>.\driverlib\MSP430FR2xx_4xx\</path>
         <kind>object</kind>
         <file>sysctl.obj</file>
         <name>sysctl.obj</name>
      </input_file>
      <input_file id="fl-15">
         <path>.\driverlib\MSP430FR2xx_4xx\</path>
         <kind>object</kind>
         <file>tia.obj</file>
         <name>tia.obj</name>
      </input_file>
      <input_file id="fl-16">
         <path>.\driverlib\MSP430FR2xx_4xx\</path>
         <kind>object</kind>
         <file>timer_a.obj</file>
         <name>timer_a.obj</name>
      </input_file>
      <input_file id="fl-17">
         <path>.\driverlib\MSP430FR2xx_4xx\</path>
         <kind>object</kind>
         <file>timer_b.obj</file>
         <name>timer_b.obj</name>
      </input_file>
      <input_file id="fl-18">
         <path>.\driverlib\MSP430FR2xx_4xx\</path>
         <kind>object</kind>
         <file>tlv.obj</file>
         <name>tlv.obj</name>
      </input_file>
      <input_file id="fl-19">
         <path>.\driverlib\MSP430FR2xx_4xx\</path>
         <kind>object</kind>
         <file>wdt_a.obj</file>
         <name>wdt_a.obj</name>
      </input_file>
      <input_file id="fl-1e">
         <kind>object</kind>
         <file>&lt;internal&gt;</file>
         <name>&lt;internal&gt;</name>
      </input_file>
      <input_file id="fl-34">
         <path>C:\Software\ccs83\ccsv8\tools\compiler\ti-cgt-msp430_18.1.4.LTS\lib\</path>
         <kind>archive</kind>
         <file>rts430x_lc_sd_eabi.lib</file>
         <name>div16s.asm.obj</name>
      </input_file>
      <input_file id="fl-35">
         <path>C:\Software\ccs83\ccsv8\tools\compiler\ti-cgt-msp430_18.1.4.LTS\lib\</path>
         <kind>archive</kind>
         <file>rts430x_lc_sd_eabi.lib</file>
         <name>div16u.asm.obj</name>
      </input_file>
      <input_file id="fl-36">
         <path>C:\Software\ccs83\ccsv8\tools\compiler\ti-cgt-msp430_18.1.4.LTS\lib\</path>
         <kind>archive</kind>
         <file>rts430x_lc_sd_eabi.lib</file>
         <name>div32s.asm.obj</name>
      </input_file>
      <input_file id="fl-37">
         <path>C:\Software\ccs83\ccsv8\tools\compiler\ti-cgt-msp430_18.1.4.LTS\lib\</path>
         <kind>archive</kind>
         <file>rts430x_lc_sd_eabi.lib</file>
         <name>div32u.asm.obj</name>
      </input_file>
      <input_file id="fl-38">
         <path>C:\Software\ccs83\ccsv8\tools\compiler\ti-cgt-msp430_18.1.4.LTS\lib\</path>
         <kind>archive</kind>
         <file>rts430x_lc_sd_eabi.lib</file>
         <name>int45.asm.obj</name>
      </input_file>
      <input_file id="fl-39">
         <path>C:\Software\ccs83\ccsv8\tools\compiler\ti-cgt-msp430_18.1.4.LTS\lib\</path>
         <kind>archive</kind>
         <file>rts430x_lc_sd_eabi.lib</file>
         <name>int46.asm.obj</name>
      </input_file>
      <input_file id="fl-3a">
         <path>C:\Software\ccs83\ccsv8\tools\compiler\ti-cgt-msp430_18.1.4.LTS\lib\</path>
         <kind>archive</kind>
         <file>rts430x_lc_sd_eabi.lib</file>
         <name>int48.asm.obj</name>
      </input_file>
      <input_file id="fl-3b">
         <path>C:\Software\ccs83\ccsv8\tools\compiler\ti-cgt-msp430_18.1.4.LTS\lib\</path>
         <kind>archive</kind>
         <file>rts430x_lc_sd_eabi.lib</file>
         <name>int49.asm.obj</name>
      </input_file>
      <input_file id="fl-3c">
         <path>C:\Software\ccs83\ccsv8\tools\compiler\ti-cgt-msp430_18.1.4.LTS\lib\</path>
         <kind>archive</kind>
         <file>rts430x_lc_sd_eabi.lib</file>
         <name>int50.asm.obj</name>
      </input_file>
      <input_file id="fl-3d">
         <path>C:\Software\ccs83\ccsv8\tools\compiler\ti-cgt-msp430_18.1.4.LTS\lib\</path>
         <kind>archive</kind>
         <file>rts430x_lc_sd_eabi.lib</file>
         <name>int51.asm.obj</name>
      </input_file>
      <input_file id="fl-3e">
         <path>C:\Software\ccs83\ccsv8\tools\compiler\ti-cgt-msp430_18.1.4.LTS\lib\</path>
         <kind>archive</kind>
         <file>rts430x_lc_sd_eabi.lib</file>
         <name>int52.asm.obj</name>
      </input_file>
      <input_file id="fl-3f">
         <path>C:\Software\ccs83\ccsv8\tools\compiler\ti-cgt-msp430_18.1.4.LTS\lib\</path>
         <kind>archive</kind>
         <file>rts430x_lc_sd_eabi.lib</file>
         <name>int53.asm.obj</name>
      </input_file>
      <input_file id="fl-40">
         <path>C:\Software\ccs83\ccsv8\tools\compiler\ti-cgt-msp430_18.1.4.LTS\lib\</path>
         <kind>archive</kind>
         <file>rts430x_lc_sd_eabi.lib</file>
         <name>int54.asm.obj</name>
      </input_file>
      <input_file id="fl-41">
         <path>C:\Software\ccs83\ccsv8\tools\compiler\ti-cgt-msp430_18.1.4.LTS\lib\</path>
         <kind>archive</kind>
         <file>rts430x_lc_sd_eabi.lib</file>
         <name>int55.asm.obj</name>
      </input_file>
      <input_file id="fl-42">
         <path>C:\Software\ccs83\ccsv8\tools\compiler\ti-cgt-msp430_18.1.4.LTS\lib\</path>
         <kind>archive</kind>
         <file>rts430x_lc_sd_eabi.lib</file>
         <name>int56.asm.obj</name>
      </input_file>
      <input_file id="fl-43">
         <path>C:\Software\ccs83\ccsv8\tools\compiler\ti-cgt-msp430_18.1.4.LTS\lib\</path>
         <kind>archive</kind>
         <file>rts430x_lc_sd_eabi.lib</file>
         <name>int57.asm.obj</name>
      </input_file>
      <input_file id="fl-44">
         <path>C:\Software\ccs83\ccsv8\tools\compiler\ti-cgt-msp430_18.1.4.LTS\lib\</path>
         <kind>archive</kind>
         <file>rts430x_lc_sd_eabi.lib</file>
         <name>int58.asm.obj</name>
      </input_file>
      <input_file id="fl-45">
         <path>C:\Software\ccs83\ccsv8\tools\compiler\ti-cgt-msp430_18.1.4.LTS\lib\</path>
         <kind>archive</kind>
         <file>rts430x_lc_sd_eabi.lib</file>
         <name>isr_trap.asm.obj</name>
      </input_file>
      <input_file id="fl-46">
         <path>C:\Software\ccs83\ccsv8\tools\compiler\ti-cgt-msp430_18.1.4.LTS\lib\</path>
         <kind>archive</kind>
         <file>rts430x_lc_sd_eabi.lib</file>
         <name>lsl16.asm.obj</name>
      </input_file>
      <input_file id="fl-47">
         <path>C:\Software\ccs83\ccsv8\tools\compiler\ti-cgt-msp430_18.1.4.LTS\lib\</path>
         <kind>archive</kind>
         <file>rts430x_lc_sd_eabi.lib</file>
         <name>lsr16.asm.obj</name>
      </input_file>
      <input_file id="fl-48">
         <path>C:\Software\ccs83\ccsv8\tools\compiler\ti-cgt-msp430_18.1.4.LTS\lib\</path>
         <kind>archive</kind>
         <file>rts430x_lc_sd_eabi.lib</file>
         <name>mult32.asm.obj</name>
      </input_file>
      <input_file id="fl-49">
         <path>C:\Software\ccs83\ccsv8\tools\compiler\ti-cgt-msp430_18.1.4.LTS\lib\</path>
         <kind>archive</kind>
         <file>rts430x_lc_sd_eabi.lib</file>
         <name>boot.c.obj</name>
      </input_file>
      <input_file id="fl-4a">
         <path>C:\Software\ccs83\ccsv8\tools\compiler\ti-cgt-msp430_18.1.4.LTS\lib\</path>
         <kind>archive</kind>
         <file>rts430x_lc_sd_eabi.lib</file>
         <name>autoinit.c.obj</name>
      </input_file>
      <input_file id="fl-4b">
         <path>C:\Software\ccs83\ccsv8\tools\compiler\ti-cgt-msp430_18.1.4.LTS\lib\</path>
         <kind>archive</kind>
         <file>rts430x_lc_sd_eabi.lib</file>
         <name>copy_zero_init.c.obj</name>
      </input_file>
      <input_file id="fl-4c">
         <path>C:\Software\ccs83\ccsv8\tools\compiler\ti-cgt-msp430_18.1.4.LTS\lib\</path>
         <kind>archive</kind>
         <file>rts430x_lc_sd_eabi.lib</file>
         <name>cpy_tbl.c.obj</name>
      </input_file>
      <input_file id="fl-4d">
         <path>C:\Software\ccs83\ccsv8\tools\compiler\ti-cgt-msp430_18.1.4.LTS\lib\</path>
         <kind>archive</kind>
         <file>rts430x_lc_sd_eabi.lib</file>
         <name>mpu_init.c.obj</name>
      </input_file>
      <input_file id="fl-4e">
         <path>C:\Software\ccs83\ccsv8\tools\compiler\ti-cgt-msp430_18.1.4.LTS\lib\</path>
         <kind>archive</kind>
         <file>rts430x_lc_sd_eabi.lib</file>
         <name>pre_init.c.obj</name>
      </input_file>
      <input_file id="fl-4f">
         <path>C:\Software\ccs83\ccsv8\tools\compiler\ti-cgt-msp430_18.1.4.LTS\lib\</path>
         <kind>archive</kind>
         <file>rts430x_lc_sd_eabi.lib</file>
         <name>startup.c.obj</name>
      </input_file>
      <input_file id="fl-50">
         <path>C:\Software\ccs83\ccsv8\tools\compiler\ti-cgt-msp430_18.1.4.LTS\lib\</path>
         <kind>archive</kind>
         <file>rts430x_lc_sd_eabi.lib</file>
         <name>copy_decompress_none.c.obj</name>
      </input_file>
      <input_file id="fl-51">
         <path>C:\Software\ccs83\ccsv8\tools\compiler\ti-cgt-msp430_18.1.4.LTS\lib\</path>
         <kind>archive</kind>
         <file>rts430x_lc_sd_eabi.lib</file>
         <name>copy_decompress_lzss.c.obj</name>
      </input_file>
      <input_file id="fl-52">
         <path>C:\Software\ccs83\ccsv8\tools\compiler\ti-cgt-msp430_18.1.4.LTS\lib\</path>
         <kind>archive</kind>
         <file>rts430x_lc_sd_eabi.lib</file>
         <name>exit.c.obj</name>
      </input_file>
      <input_file id="fl-53">
         <path>C:\Software\ccs83\ccsv8\tools\compiler\ti-cgt-msp430_18.1.4.LTS\lib\</path>
         <kind>archive</kind>
         <file>rts430x_lc_sd_eabi.lib</file>
         <name>_lock.c.obj</name>
      </input_file>
      <input_file id="fl-54">
         <path>C:\Software\ccs83\ccsv8\tools\compiler\ti-cgt-msp430_18.1.4.LTS\lib\</path>
         <kind>archive</kind>
         <file>rts430x_lc_sd_eabi.lib</file>
         <name>args_main.c.obj</name>
      </input_file>
      <input_file id="fl-55">
         <path>C:\Software\ccs83\ccsv8\tools\compiler\ti-cgt-msp430_18.1.4.LTS\lib\</path>
         <kind>archive</kind>
         <file>rts430x_lc_sd_eabi.lib</file>
         <name>memcpy.c.obj</name>
      </input_file>
      <input_file id="fl-56">
         <path>C:\Software\ccs83\ccsv8\tools\compiler\ti-cgt-msp430_18.1.4.LTS\lib\</path>
         <kind>archive</kind>
         <file>rts430x_lc_sd_eabi.lib</file>
         <name>printf.c.obj</name>
      </input_file>
      <input_file id="fl-57">
         <path>C:\Software\ccs83\ccsv8\tools\compiler\ti-cgt-msp430_18.1.4.LTS\lib\</path>
         <kind>archive</kind>
         <file>rts430x_lc_sd_eabi.lib</file>
         <name>cpy_util.asm.obj</name>
      </input_file>
      <input_file id="fl-58">
         <path>C:\Software\ccs83\ccsv8\tools\compiler\ti-cgt-msp430_18.1.4.LTS\lib\</path>
         <kind>archive</kind>
         <file>rts430x_lc_sd_eabi.lib</file>
         <name>mult16.asm.obj</name>
      </input_file>
      <input_file id="fl-59">
         <path>C:\Software\ccs83\ccsv8\tools\compiler\ti-cgt-msp430_18.1.4.LTS\lib\</path>
         <kind>archive</kind>
         <file>rts430x_lc_sd_eabi.lib</file>
         <name>exit_gvars.c.obj</name>
      </input_file>
      <input_file id="fl-5a">
         <path>C:\Software\ccs83\ccsv8\tools\compiler\ti-cgt-msp430_18.1.4.LTS\lib\</path>
         <kind>archive</kind>
         <file>rts430x_lc_sd_eabi.lib</file>
         <name>_printfi_min.c.obj</name>
      </input_file>
      <input_file id="fl-5b">
         <path>C:\Software\ccs83\ccsv8\tools\compiler\ti-cgt-msp430_18.1.4.LTS\lib\</path>
         <kind>archive</kind>
         <file>rts430x_lc_sd_eabi.lib</file>
         <name>defs.c.obj</name>
      </input_file>
      <input_file id="fl-5c">
         <path>C:\Software\ccs83\ccsv8\tools\compiler\ti-cgt-msp430_18.1.4.LTS\lib\</path>
         <kind>archive</kind>
         <file>rts430x_lc_sd_eabi.lib</file>
         <name>fputc.c.obj</name>
      </input_file>
      <input_file id="fl-5d">
         <path>C:\Software\ccs83\ccsv8\tools\compiler\ti-cgt-msp430_18.1.4.LTS\lib\</path>
         <kind>archive</kind>
         <file>rts430x_lc_sd_eabi.lib</file>
         <name>fputs.c.obj</name>
      </input_file>
      <input_file id="fl-5e">
         <path>C:\Software\ccs83\ccsv8\tools\compiler\ti-cgt-msp430_18.1.4.LTS\lib\</path>
         <kind>archive</kind>
         <file>rts430x_lc_sd_eabi.lib</file>
         <name>memccpy.c.obj</name>
      </input_file>
      <input_file id="fl-5f">
         <path>C:\Software\ccs83\ccsv8\tools\compiler\ti-cgt-msp430_18.1.4.LTS\lib\</path>
         <kind>archive</kind>
         <file>rts430x_lc_sd_eabi.lib</file>
         <name>memchr.c.obj</name>
      </input_file>
      <input_file id="fl-60">
         <path>C:\Software\ccs83\ccsv8\tools\compiler\ti-cgt-msp430_18.1.4.LTS\lib\</path>
         <kind>archive</kind>
         <file>rts430x_lc_sd_eabi.lib</file>
         <name>memset.c.obj</name>
      </input_file>
      <input_file id="fl-61">
         <path>C:\Software\ccs83\ccsv8\tools\compiler\ti-cgt-msp430_18.1.4.LTS\lib\</path>
         <kind>archive</kind>
         <file>rts430x_lc_sd_eabi.lib</file>
         <name>strlen.c.obj</name>
      </input_file>
      <input_file id="fl-62">
         <path>C:\Software\ccs83\ccsv8\tools\compiler\ti-cgt-msp430_18.1.4.LTS\lib\</path>
         <kind>archive</kind>
         <file>rts430x_lc_sd_eabi.lib</file>
         <name>write.c.obj</name>
      </input_file>
      <input_file id="fl-63">
         <path>C:\Software\ccs83\ccsv8\tools\compiler\ti-cgt-msp430_18.1.4.LTS\lib\</path>
         <kind>archive</kind>
         <file>rts430x_lc_sd_eabi.lib</file>
         <name>lsr64.c.obj</name>
      </input_file>
      <input_file id="fl-64">
         <path>C:\Software\ccs83\ccsv8\tools\compiler\ti-cgt-msp430_18.1.4.LTS\lib\</path>
         <kind>archive</kind>
         <file>rts430x_lc_sd_eabi.lib</file>
         <name>_io_perm.c.obj</name>
      </input_file>
      <input_file id="fl-65">
         <path>C:\Software\ccs83\ccsv8\tools\compiler\ti-cgt-msp430_18.1.4.LTS\lib\</path>
         <kind>archive</kind>
         <file>rts430x_lc_sd_eabi.lib</file>
         <name>fflush.c.obj</name>
      </input_file>
      <input_file id="fl-66">
         <path>C:\Software\ccs83\ccsv8\tools\compiler\ti-cgt-msp430_18.1.4.LTS\lib\</path>
         <kind>archive</kind>
         <file>rts430x_lc_sd_eabi.lib</file>
         <name>fseek.c.obj</name>
      </input_file>
      <input_file id="fl-67">
         <path>C:\Software\ccs83\ccsv8\tools\compiler\ti-cgt-msp430_18.1.4.LTS\lib\</path>
         <kind>archive</kind>
         <file>rts430x_lc_sd_eabi.lib</file>
         <name>lseek.c.obj</name>
      </input_file>
      <input_file id="fl-68">
         <path>C:\Software\ccs83\ccsv8\tools\compiler\ti-cgt-msp430_18.1.4.LTS\lib\</path>
         <kind>archive</kind>
         <file>rts430x_lc_sd_eabi.lib</file>
         <name>setvbuf.c.obj</name>
      </input_file>
      <input_file id="fl-69">
         <path>C:\Software\ccs83\ccsv8\tools\compiler\ti-cgt-msp430_18.1.4.LTS\lib\</path>
         <kind>archive</kind>
         <file>rts430x_lc_sd_eabi.lib</file>
         <name>hostclose.c.obj</name>
      </input_file>
      <input_file id="fl-6a">
         <path>C:\Software\ccs83\ccsv8\tools\compiler\ti-cgt-msp430_18.1.4.LTS\lib\</path>
         <kind>archive</kind>
         <file>rts430x_lc_sd_eabi.lib</file>
         <name>hostlseek.c.obj</name>
      </input_file>
      <input_file id="fl-6b">
         <path>C:\Software\ccs83\ccsv8\tools\compiler\ti-cgt-msp430_18.1.4.LTS\lib\</path>
         <kind>archive</kind>
         <file>rts430x_lc_sd_eabi.lib</file>
         <name>hostopen.c.obj</name>
      </input_file>
      <input_file id="fl-6c">
         <path>C:\Software\ccs83\ccsv8\tools\compiler\ti-cgt-msp430_18.1.4.LTS\lib\</path>
         <kind>archive</kind>
         <file>rts430x_lc_sd_eabi.lib</file>
         <name>hostread.c.obj</name>
      </input_file>
      <input_file id="fl-6d">
         <path>C:\Software\ccs83\ccsv8\tools\compiler\ti-cgt-msp430_18.1.4.LTS\lib\</path>
         <kind>archive</kind>
         <file>rts430x_lc_sd_eabi.lib</file>
         <name>hostrename.c.obj</name>
      </input_file>
      <input_file id="fl-6e">
         <path>C:\Software\ccs83\ccsv8\tools\compiler\ti-cgt-msp430_18.1.4.LTS\lib\</path>
         <kind>archive</kind>
         <file>rts430x_lc_sd_eabi.lib</file>
         <name>hostunlink.c.obj</name>
      </input_file>
      <input_file id="fl-6f">
         <path>C:\Software\ccs83\ccsv8\tools\compiler\ti-cgt-msp430_18.1.4.LTS\lib\</path>
         <kind>archive</kind>
         <file>rts430x_lc_sd_eabi.lib</file>
         <name>hostwrite.c.obj</name>
      </input_file>
      <input_file id="fl-70">
         <path>C:\Software\ccs83\ccsv8\tools\compiler\ti-cgt-msp430_18.1.4.LTS\lib\</path>
         <kind>archive</kind>
         <file>rts430x_lc_sd_eabi.lib</file>
         <name>trgmsg.c.obj</name>
      </input_file>
      <input_file id="fl-71">
         <path>C:\Software\ccs83\ccsv8\tools\compiler\ti-cgt-msp430_18.1.4.LTS\lib\</path>
         <kind>archive</kind>
         <file>rts430x_lc_sd_eabi.lib</file>
         <name>lsl32.asm.obj</name>
      </input_file>
      <input_file id="fl-72">
         <path>C:\Software\ccs83\ccsv8\tools\compiler\ti-cgt-msp430_18.1.4.LTS\lib\</path>
         <kind>archive</kind>
         <file>rts430x_lc_sd_eabi.lib</file>
         <name>memory.c.obj</name>
      </input_file>
      <input_file id="fl-73">
         <path>C:\Software\ccs83\ccsv8\tools\compiler\ti-cgt-msp430_18.1.4.LTS\lib\</path>
         <kind>archive</kind>
         <file>rts430x_lc_sd_eabi.lib</file>
         <name>fopen.c.obj</name>
      </input_file>
      <input_file id="fl-74">
         <path>C:\Software\ccs83\ccsv8\tools\compiler\ti-cgt-msp430_18.1.4.LTS\lib\</path>
         <kind>archive</kind>
         <file>rts430x_lc_sd_eabi.lib</file>
         <name>open.c.obj</name>
      </input_file>
      <input_file id="fl-75">
         <path>C:\Software\ccs83\ccsv8\tools\compiler\ti-cgt-msp430_18.1.4.LTS\lib\</path>
         <kind>archive</kind>
         <file>rts430x_lc_sd_eabi.lib</file>
         <name>strcpy.c.obj</name>
      </input_file>
      <input_file id="fl-76">
         <path>C:\Software\ccs83\ccsv8\tools\compiler\ti-cgt-msp430_18.1.4.LTS\lib\</path>
         <kind>archive</kind>
         <file>rts430x_lc_sd_eabi.lib</file>
         <name>fclose.c.obj</name>
      </input_file>
      <input_file id="fl-77">
         <path>C:\Software\ccs83\ccsv8\tools\compiler\ti-cgt-msp430_18.1.4.LTS\lib\</path>
         <kind>archive</kind>
         <file>rts430x_lc_sd_eabi.lib</file>
         <name>getdevice.c.obj</name>
      </input_file>
      <input_file id="fl-78">
         <path>C:\Software\ccs83\ccsv8\tools\compiler\ti-cgt-msp430_18.1.4.LTS\lib\</path>
         <kind>archive</kind>
         <file>rts430x_lc_sd_eabi.lib</file>
         <name>remove.c.obj</name>
      </input_file>
      <input_file id="fl-79">
         <path>C:\Software\ccs83\ccsv8\tools\compiler\ti-cgt-msp430_18.1.4.LTS\lib\</path>
         <kind>archive</kind>
         <file>rts430x_lc_sd_eabi.lib</file>
         <name>strchr.c.obj</name>
      </input_file>
      <input_file id="fl-7a">
         <path>C:\Software\ccs83\ccsv8\tools\compiler\ti-cgt-msp430_18.1.4.LTS\lib\</path>
         <kind>archive</kind>
         <file>rts430x_lc_sd_eabi.lib</file>
         <name>strcmp.c.obj</name>
      </input_file>
      <input_file id="fl-7b">
         <path>C:\Software\ccs83\ccsv8\tools\compiler\ti-cgt-msp430_18.1.4.LTS\lib\</path>
         <kind>archive</kind>
         <file>rts430x_lc_sd_eabi.lib</file>
         <name>strncpy.c.obj</name>
      </input_file>
      <input_file id="fl-7c">
         <path>C:\Software\ccs83\ccsv8\tools\compiler\ti-cgt-msp430_18.1.4.LTS\lib\</path>
         <kind>archive</kind>
         <file>rts430x_lc_sd_eabi.lib</file>
         <name>unlink.c.obj</name>
      </input_file>
      <input_file id="fl-7d">
         <path>C:\Software\ccs83\ccsv8\tools\compiler\ti-cgt-msp430_18.1.4.LTS\lib\</path>
         <kind>archive</kind>
         <file>rts430x_lc_sd_eabi.lib</file>
         <name>close.c.obj</name>
      </input_file>
   </input_file_list>
   <object_component_list>
      <object_component id="oc-6aa">
         <name>.cinit..data.load</name>
         <load_address>0xc400</load_address>
         <run_address>0xc400</run_address>
         <size>0x140</size>
      </object_component>
      <object_component id="oc-6a7">
         <name>__TI_handler_table</name>
         <load_address>0xc542</load_address>
         <run_address>0xc542</run_address>
         <size>0xc</size>
      </object_component>
      <object_component id="oc-6a9">
         <name>.cinit..bss.load</name>
         <load_address>0xc54e</load_address>
         <run_address>0xc54e</run_address>
         <size>0x6</size>
      </object_component>
      <object_component id="oc-6a8">
         <name>__TI_cinit_table</name>
         <load_address>0xc554</load_address>
         <run_address>0xc554</run_address>
         <size>0x10</size>
      </object_component>
      <object_component id="oc-63f">
         <name>.binit</name>
         <load_address>0xc564</load_address>
         <run_address>0xc564</run_address>
         <size>0x0</size>
      </object_component>
      <object_component id="oc-355">
         <name>.const:GPIO_PORT_TO_BASE</name>
         <load_address>0xc564</load_address>
         <run_address>0xc564</run_address>
         <size>0x1c</size>
         <input_file_ref idref="fl-c"/>
      </object_component>
      <object_component id="oc-4ca">
         <name>.const:.string</name>
         <load_address>0xc580</load_address>
         <run_address>0xc580</run_address>
         <size>0x14</size>
         <input_file_ref idref="fl-5a"/>
      </object_component>
      <object_component id="oc-347">
         <name>.const:.string</name>
         <load_address>0xc594</load_address>
         <run_address>0xc594</run_address>
         <size>0x4</size>
         <input_file_ref idref="fl-2"/>
      </object_component>
      <object_component id="oc-45c">
         <name>.text:_setfield</name>
         <load_address>0xc598</load_address>
         <run_address>0xc598</run_address>
         <size>0x10e</size>
         <input_file_ref idref="fl-5a"/>
      </object_component>
      <object_component id="oc-64">
         <name>.text:decompress:lzss:__TI_decompress_lzss</name>
         <load_address>0xc6a6</load_address>
         <run_address>0xc6a6</run_address>
         <size>0xee</size>
         <input_file_ref idref="fl-51"/>
      </object_component>
      <object_component id="oc-3f1">
         <name>.text:__TI_printfi_minimal</name>
         <load_address>0xc794</load_address>
         <run_address>0xc794</run_address>
         <size>0xe4</size>
         <input_file_ref idref="fl-5a"/>
      </object_component>
      <object_component id="oc-448">
         <name>.text:fputs</name>
         <load_address>0xc878</load_address>
         <run_address>0xc878</run_address>
         <size>0xde</size>
         <input_file_ref idref="fl-5d"/>
      </object_component>
      <object_component id="oc-4fb">
         <name>.text:setvbuf</name>
         <load_address>0xc956</load_address>
         <run_address>0xc956</run_address>
         <size>0xcc</size>
         <input_file_ref idref="fl-68"/>
      </object_component>
      <object_component id="oc-4cb">
         <name>.text:_pproc_diouxp</name>
         <load_address>0xca22</load_address>
         <run_address>0xca22</run_address>
         <size>0xc4</size>
         <input_file_ref idref="fl-5a"/>
      </object_component>
      <object_component id="oc-52c">
         <name>.text:malloc</name>
         <load_address>0xcae6</load_address>
         <run_address>0xcae6</run_address>
         <size>0xae</size>
         <input_file_ref idref="fl-72"/>
      </object_component>
      <object_component id="oc-308">
         <name>.text:main</name>
         <load_address>0xcb94</load_address>
         <run_address>0xcb94</run_address>
         <size>0x94</size>
         <input_file_ref idref="fl-2"/>
      </object_component>
      <object_component id="oc-44f">
         <name>.text:fputc</name>
         <load_address>0xcc28</load_address>
         <run_address>0xcc28</run_address>
         <size>0x8c</size>
         <input_file_ref idref="fl-5c"/>
      </object_component>
      <object_component id="oc-591">
         <name>.text:HOSTlseek</name>
         <load_address>0xccb4</load_address>
         <run_address>0xccb4</run_address>
         <size>0x82</size>
         <input_file_ref idref="fl-6a"/>
      </object_component>
      <object_component id="oc-526">
         <name>.text:free</name>
         <load_address>0xcd36</load_address>
         <run_address>0xcd36</run_address>
         <size>0x80</size>
         <input_file_ref idref="fl-72"/>
      </object_component>
      <object_component id="oc-4a6">
         <name>.text:__TI_wrt_ok</name>
         <load_address>0xcdb6</load_address>
         <run_address>0xcdb6</run_address>
         <size>0x7a</size>
         <input_file_ref idref="fl-64"/>
      </object_component>
      <object_component id="oc-59d">
         <name>.text:HOSTrename</name>
         <load_address>0xce30</load_address>
         <run_address>0xce30</run_address>
         <size>0x6a</size>
         <input_file_ref idref="fl-6d"/>
      </object_component>
      <object_component id="oc-3af">
         <name>.text:__TI_auto_init_nobinit_nopinit_hold_wdt:__TI_auto_init_nobinit_nopinit_hold_wdt</name>
         <load_address>0xce9a</load_address>
         <run_address>0xce9a</run_address>
         <size>0x6a</size>
         <input_file_ref idref="fl-4a"/>
      </object_component>
      <object_component id="oc-4f5">
         <name>.text:fseek</name>
         <load_address>0xcf04</load_address>
         <run_address>0xcf04</run_address>
         <size>0x6a</size>
         <input_file_ref idref="fl-66"/>
      </object_component>
      <object_component id="oc-56d">
         <name>.text:__TI_closefile</name>
         <load_address>0xcf6e</load_address>
         <run_address>0xcf6e</run_address>
         <size>0x68</size>
         <input_file_ref idref="fl-76"/>
      </object_component>
      <object_component id="oc-579">
         <name>.text:HOSTopen</name>
         <load_address>0xcfd6</load_address>
         <run_address>0xcfd6</run_address>
         <size>0x64</size>
         <input_file_ref idref="fl-6b"/>
      </object_component>
      <object_component id="oc-4b2">
         <name>.text:__TI_doflush</name>
         <load_address>0xd03a</load_address>
         <run_address>0xd03a</run_address>
         <size>0x62</size>
         <input_file_ref idref="fl-65"/>
      </object_component>
      <object_component id="oc-58b">
         <name>.text:HOSTwrite</name>
         <load_address>0xd09c</load_address>
         <run_address>0xd09c</run_address>
         <size>0x60</size>
         <input_file_ref idref="fl-6f"/>
      </object_component>
      <object_component id="oc-585">
         <name>.text:HOSTread</name>
         <load_address>0xd0fc</load_address>
         <run_address>0xd0fc</run_address>
         <size>0x5e</size>
         <input_file_ref idref="fl-6c"/>
      </object_component>
      <object_component id="oc-2ee">
         <name>.text:Key</name>
         <load_address>0xd15a</load_address>
         <run_address>0xd15a</run_address>
         <size>0x5a</size>
         <input_file_ref idref="fl-2"/>
      </object_component>
      <object_component id="oc-5e6">
         <name>.text:getdevice</name>
         <load_address>0xd1b4</load_address>
         <run_address>0xd1b4</run_address>
         <size>0x54</size>
         <input_file_ref idref="fl-77"/>
      </object_component>
      <object_component id="oc-5ac">
         <name>.text:close</name>
         <load_address>0xd208</load_address>
         <run_address>0xd208</run_address>
         <size>0x4a</size>
         <input_file_ref idref="fl-7d"/>
      </object_component>
      <object_component id="oc-391">
         <name>.text:exit</name>
         <load_address>0xd252</load_address>
         <run_address>0xd252</run_address>
         <size>0x48</size>
         <input_file_ref idref="fl-52"/>
      </object_component>
      <object_component id="oc-57f">
         <name>.text:HOSTclose</name>
         <load_address>0xd29a</load_address>
         <run_address>0xd29a</run_address>
         <size>0x46</size>
         <input_file_ref idref="fl-69"/>
      </object_component>
      <object_component id="oc-597">
         <name>.text:HOSTunlink</name>
         <load_address>0xd2e0</load_address>
         <run_address>0xd2e0</run_address>
         <size>0x42</size>
         <input_file_ref idref="fl-6e"/>
      </object_component>
      <object_component id="oc-28d">
         <name>.text:__memcpy_far</name>
         <load_address>0xd322</load_address>
         <run_address>0xd322</run_address>
         <size>0x40</size>
         <input_file_ref idref="fl-57"/>
      </object_component>
      <object_component id="oc-348">
         <name>.text:printf</name>
         <load_address>0xd362</load_address>
         <run_address>0xd362</run_address>
         <size>0x40</size>
         <input_file_ref idref="fl-56"/>
      </object_component>
      <object_component id="oc-2a4">
         <name>.text:decompress:ZI:__TI_zero_init_nomemset:__TI_zero_init_nomemset</name>
         <load_address>0xd3a2</load_address>
         <run_address>0xd3a2</run_address>
         <size>0x3e</size>
         <input_file_ref idref="fl-4b"/>
      </object_component>
      <object_component id="oc-5d3">
         <name>.text:l_lsl_const</name>
         <load_address>0xd3e0</load_address>
         <run_address>0xd3e0</run_address>
         <size>0x3e</size>
         <input_file_ref idref="fl-71"/>
      </object_component>
      <object_component id="oc-6a">
         <name>.text:decompress:none:__TI_decompress_none</name>
         <load_address>0xd41e</load_address>
         <run_address>0xd41e</run_address>
         <size>0x3c</size>
         <input_file_ref idref="fl-50"/>
      </object_component>
      <object_component id="oc-566">
         <name>.text:minit</name>
         <load_address>0xd45a</load_address>
         <run_address>0xd45a</run_address>
         <size>0x38</size>
         <input_file_ref idref="fl-72"/>
      </object_component>
      <object_component id="oc-36c">
         <name>.text:GPIO_setAsPeripheralModuleFunctionInputPin</name>
         <load_address>0xd492</load_address>
         <run_address>0xd492</run_address>
         <size>0x32</size>
         <input_file_ref idref="fl-c"/>
      </object_component>
      <object_component id="oc-532">
         <name>.text:__TI_cleanup</name>
         <load_address>0xd4c4</load_address>
         <run_address>0xd4c4</run_address>
         <size>0x32</size>
         <input_file_ref idref="fl-73"/>
      </object_component>
      <object_component id="oc-5c0">
         <name>.text:__TI_writemsg</name>
         <load_address>0xd4f6</load_address>
         <run_address>0xd4f6</run_address>
         <size>0x2e</size>
         <input_file_ref idref="fl-70"/>
      </object_component>
      <object_component id="oc-615">
         <name>.text:finddevice</name>
         <load_address>0xd524</load_address>
         <run_address>0xd524</run_address>
         <size>0x2e</size>
         <input_file_ref idref="fl-77"/>
      </object_component>
      <object_component id="oc-5c6">
         <name>.text:__TI_readmsg</name>
         <load_address>0xd552</load_address>
         <run_address>0xd552</run_address>
         <size>0x2c</size>
         <input_file_ref idref="fl-70"/>
      </object_component>
      <object_component id="oc-60f">
         <name>.text:strncpy</name>
         <load_address>0xd57e</load_address>
         <run_address>0xd57e</run_address>
         <size>0x2c</size>
         <input_file_ref idref="fl-7b"/>
      </object_component>
      <object_component id="oc-5b3">
         <name>.text:unlink</name>
         <load_address>0xd5aa</load_address>
         <run_address>0xd5aa</run_address>
         <size>0x2a</size>
         <input_file_ref idref="fl-7c"/>
      </object_component>
      <object_component id="oc-378">
         <name>.text:GPIO_setAsInputPinWithPullUpResistor</name>
         <load_address>0xd5d4</load_address>
         <run_address>0xd5d4</run_address>
         <size>0x26</size>
         <input_file_ref idref="fl-c"/>
      </object_component>
      <object_component id="oc-29e">
         <name>.text:_isr:PORT1_ISR</name>
         <load_address>0xd5fa</load_address>
         <run_address>0xd5fa</run_address>
         <size>0x26</size>
         <input_file_ref idref="fl-2"/>
      </object_component>
      <object_component id="oc-51e">
         <name>.text:lseek</name>
         <load_address>0xd620</load_address>
         <run_address>0xd620</run_address>
         <size>0x26</size>
         <input_file_ref idref="fl-67"/>
      </object_component>
      <object_component id="oc-4b8">
         <name>.text:write</name>
         <load_address>0xd646</load_address>
         <run_address>0xd646</run_address>
         <size>0x24</size>
         <input_file_ref idref="fl-62"/>
      </object_component>
      <object_component id="oc-372">
         <name>.text:GPIO_selectInterruptEdge</name>
         <load_address>0xd66a</load_address>
         <run_address>0xd66a</run_address>
         <size>0x20</size>
         <input_file_ref idref="fl-c"/>
      </object_component>
      <object_component id="oc-2b6">
         <name>.text:_isr:_c_int00_noargs</name>
         <load_address>0xd68a</load_address>
         <run_address>0xd68a</run_address>
         <size>0x1c</size>
         <input_file_ref idref="fl-49"/>
      </object_component>
      <object_component id="oc-33b">
         <name>.text:GPIO_getInputPinValue</name>
         <load_address>0xd6a6</load_address>
         <run_address>0xd6a6</run_address>
         <size>0x1a</size>
         <input_file_ref idref="fl-c"/>
      </object_component>
      <object_component id="oc-366">
         <name>.text:GPIO_setAsOutputPin</name>
         <load_address>0xd6c0</load_address>
         <run_address>0xd6c0</run_address>
         <size>0x1a</size>
         <input_file_ref idref="fl-c"/>
      </object_component>
      <object_component id="oc-4d1">
         <name>.text:memccpy</name>
         <load_address>0xd6da</load_address>
         <run_address>0xd6da</run_address>
         <size>0x1a</size>
         <input_file_ref idref="fl-5e"/>
      </object_component>
      <object_component id="oc-609">
         <name>.text:strchr</name>
         <load_address>0xd6f4</load_address>
         <run_address>0xd6f4</run_address>
         <size>0x1a</size>
         <input_file_ref idref="fl-79"/>
      </object_component>
      <object_component id="oc-62e">
         <name>.text:strcmp</name>
         <load_address>0xd70e</load_address>
         <run_address>0xd70e</run_address>
         <size>0x18</size>
         <input_file_ref idref="fl-7a"/>
      </object_component>
      <object_component id="oc-2f4">
         <name>.text:GPIO_clearInterrupt</name>
         <load_address>0xd726</load_address>
         <run_address>0xd726</run_address>
         <size>0x16</size>
         <input_file_ref idref="fl-c"/>
      </object_component>
      <object_component id="oc-37e">
         <name>.text:GPIO_enableInterrupt</name>
         <load_address>0xd73c</load_address>
         <run_address>0xd73c</run_address>
         <size>0x16</size>
         <input_file_ref idref="fl-c"/>
      </object_component>
      <object_component id="oc-34e">
         <name>.text:GPIO_setOutputHighOnPin</name>
         <load_address>0xd752</load_address>
         <run_address>0xd752</run_address>
         <size>0x16</size>
         <input_file_ref idref="fl-c"/>
      </object_component>
      <object_component id="oc-335">
         <name>.text:GPIO_setOutputLowOnPin</name>
         <load_address>0xd768</load_address>
         <run_address>0xd768</run_address>
         <size>0x16</size>
         <input_file_ref idref="fl-c"/>
      </object_component>
      <object_component id="oc-514">
         <name>.text</name>
         <load_address>0xd77e</load_address>
         <run_address>0xd77e</run_address>
         <size>0x16</size>
         <input_file_ref idref="fl-35"/>
      </object_component>
      <object_component id="oc-360">
         <name>.text:WDT_A_hold</name>
         <load_address>0xd794</load_address>
         <run_address>0xd794</run_address>
         <size>0x14</size>
         <input_file_ref idref="fl-19"/>
      </object_component>
      <object_component id="oc-4ac">
         <name>.text:memchr</name>
         <load_address>0xd7a8</load_address>
         <run_address>0xd7a8</run_address>
         <size>0x14</size>
         <input_file_ref idref="fl-5f"/>
      </object_component>
      <object_component id="oc-4c4">
         <name>.text:memset</name>
         <load_address>0xd7bc</load_address>
         <run_address>0xd7bc</run_address>
         <size>0x14</size>
         <input_file_ref idref="fl-60"/>
      </object_component>
      <object_component id="oc-48f">
         <name>.text</name>
         <load_address>0xd7d0</load_address>
         <run_address>0xd7d0</run_address>
         <size>0x14</size>
         <input_file_ref idref="fl-58"/>
      </object_component>
      <object_component id="oc-494">
         <name>.text:memcpy</name>
         <load_address>0xd7e4</load_address>
         <run_address>0xd7e4</run_address>
         <size>0x12</size>
         <input_file_ref idref="fl-55"/>
      </object_component>
      <object_component id="oc-5dc">
         <name>.text:strcpy</name>
         <load_address>0xd7f6</load_address>
         <run_address>0xd7f6</run_address>
         <size>0x10</size>
         <input_file_ref idref="fl-75"/>
      </object_component>
      <object_component id="oc-456">
         <name>.text:strlen</name>
         <load_address>0xd806</load_address>
         <run_address>0xd806</run_address>
         <size>0xe</size>
         <input_file_ref idref="fl-61"/>
      </object_component>
      <object_component id="oc-299">
         <name>.text:_isr:__TI_ISR_TRAP</name>
         <load_address>0xd814</load_address>
         <run_address>0xd814</run_address>
         <size>0x8</size>
         <input_file_ref idref="fl-45"/>
      </object_component>
      <object_component id="oc-384">
         <name>.text:PMM_unlockLPM5</name>
         <load_address>0xd81c</load_address>
         <run_address>0xd81c</run_address>
         <size>0x6</size>
         <input_file_ref idref="fl-10"/>
      </object_component>
      <object_component id="oc-3eb">
         <name>.text:_outc</name>
         <load_address>0xd822</load_address>
         <run_address>0xd822</run_address>
         <size>0x6</size>
         <input_file_ref idref="fl-56"/>
      </object_component>
      <object_component id="oc-38b">
         <name>.text:abort</name>
         <load_address>0xd828</load_address>
         <run_address>0xd828</run_address>
         <size>0x6</size>
         <input_file_ref idref="fl-52"/>
      </object_component>
      <object_component id="oc-3e5">
         <name>.text:_outs</name>
         <load_address>0xd82e</load_address>
         <run_address>0xd82e</run_address>
         <size>0x4</size>
         <input_file_ref idref="fl-56"/>
      </object_component>
      <object_component id="oc-302">
         <name>.text:_system_pre_init</name>
         <load_address>0xd832</load_address>
         <run_address>0xd832</run_address>
         <size>0x4</size>
         <input_file_ref idref="fl-4e"/>
      </object_component>
      <object_component id="oc-43b">
         <name>.text:_nop</name>
         <load_address>0xd836</load_address>
         <run_address>0xd836</run_address>
         <size>0x2</size>
         <input_file_ref idref="fl-53"/>
      </object_component>
      <object_component id="oc-41a">
         <name>.text:_system_post_cinit</name>
         <load_address>0xd838</load_address>
         <run_address>0xd838</run_address>
         <size>0x2</size>
         <input_file_ref idref="fl-4f"/>
      </object_component>
      <object_component id="oc-55f">
         <name>.bss</name>
         <uninitialized>true</uninitialized>
         <run_address>0x2302</run_address>
         <size>0x6</size>
         <input_file_ref idref="fl-72"/>
      </object_component>
      <object_component id="oc-344">
         <name>.common:pressedKey</name>
         <uninitialized>true</uninitialized>
         <run_address>0x2308</run_address>
         <size>0x1</size>
      </object_component>
      <object_component id="oc-5b2">
         <name>.common:__TI_tmpnams</name>
         <uninitialized>true</uninitialized>
         <run_address>0x225a</run_address>
         <size>0xa0</size>
      </object_component>
      <object_component id="oc-5bd">
         <name>.common:parmbuf</name>
         <uninitialized>true</uninitialized>
         <run_address>0x22fa</run_address>
         <size>0x8</size>
      </object_component>
      <object_component id="oc-341">
         <name>.data:hexaKeys</name>
         <load_address>0x2118</load_address>
         <run_address>0x2118</run_address>
         <size>0xc</size>
         <input_file_ref idref="fl-2"/>
      </object_component>
      <object_component id="oc-40f">
         <name>.data</name>
         <load_address>0x2136</load_address>
         <run_address>0x2136</run_address>
         <size>0x2</size>
         <input_file_ref idref="fl-52"/>
      </object_component>
      <object_component id="oc-3df">
         <name>.data:_lock</name>
         <load_address>0x212c</load_address>
         <run_address>0x212c</run_address>
         <size>0x4</size>
         <input_file_ref idref="fl-53"/>
      </object_component>
      <object_component id="oc-3f7">
         <name>.data:_unlock</name>
         <load_address>0x2130</load_address>
         <run_address>0x2130</run_address>
         <size>0x4</size>
         <input_file_ref idref="fl-53"/>
      </object_component>
      <object_component id="oc-415">
         <name>.data:__TI_cleanup_ptr</name>
         <load_address>0x2124</load_address>
         <run_address>0x2124</run_address>
         <size>0x4</size>
         <input_file_ref idref="fl-59"/>
      </object_component>
      <object_component id="oc-412">
         <name>.data:__TI_dtors_ptr</name>
         <load_address>0x2128</load_address>
         <run_address>0x2128</run_address>
         <size>0x4</size>
         <input_file_ref idref="fl-59"/>
      </object_component>
      <object_component id="oc-3e2">
         <name>.data:_ftable</name>
         <load_address>0x2078</load_address>
         <run_address>0x2078</run_address>
         <size>0x78</size>
         <input_file_ref idref="fl-5b"/>
      </object_component>
      <object_component id="oc-573">
         <name>.data</name>
         <load_address>0x2134</load_address>
         <run_address>0x2134</run_address>
         <size>0x2</size>
         <input_file_ref idref="fl-5b"/>
      </object_component>
      <object_component id="oc-545">
         <name>.data:_device</name>
         <load_address>0x2000</load_address>
         <run_address>0x2000</run_address>
         <size>0x78</size>
         <input_file_ref idref="fl-62"/>
      </object_component>
      <object_component id="oc-507">
         <name>.data:_stream</name>
         <load_address>0x20f0</load_address>
         <run_address>0x20f0</run_address>
         <size>0x28</size>
         <input_file_ref idref="fl-62"/>
      </object_component>
      <object_component id="oc-563">
         <name>.data</name>
         <load_address>0x2138</load_address>
         <run_address>0x2138</run_address>
         <size>0x2</size>
         <input_file_ref idref="fl-72"/>
      </object_component>
      <object_component id="oc-5f2">
         <name>.cio</name>
         <uninitialized>true</uninitialized>
         <run_address>0x213a</run_address>
         <size>0x120</size>
         <input_file_ref idref="fl-70"/>
      </object_component>
      <object_component id="oc-27f">
         <name>.sysmem</name>
         <uninitialized>true</uninitialized>
         <run_address>0x230c</run_address>
         <size>0x4</size>
         <input_file_ref idref="fl-72"/>
      </object_component>
      <object_component id="oc-6ac">
         <name>.sysmem</name>
         <uninitialized>true</uninitialized>
         <run_address>0x230c</run_address>
         <size>0x0</size>
      </object_component>
      <object_component id="oc-27b">
         <name>.stack</name>
         <uninitialized>true</uninitialized>
         <run_address>0x2760</run_address>
         <size>0x2</size>
         <input_file_ref idref="fl-49"/>
      </object_component>
      <object_component id="oc-6ab">
         <name>.stack</name>
         <uninitialized>true</uninitialized>
         <run_address>0x2760</run_address>
         <size>0x0</size>
      </object_component>
      <object_component id="oc-70">
         <name>.int45</name>
         <load_address>0xffe2</load_address>
         <run_address>0xffe2</run_address>
         <size>0x2</size>
         <input_file_ref idref="fl-38"/>
      </object_component>
      <object_component id="oc-71">
         <name>.int46</name>
         <load_address>0xffe4</load_address>
         <run_address>0xffe4</run_address>
         <size>0x2</size>
         <input_file_ref idref="fl-39"/>
      </object_component>
      <object_component id="oc-72">
         <name>.int47</name>
         <load_address>0xffe6</load_address>
         <run_address>0xffe6</run_address>
         <size>0x2</size>
         <input_file_ref idref="fl-2"/>
      </object_component>
      <object_component id="oc-73">
         <name>.int48</name>
         <load_address>0xffe8</load_address>
         <run_address>0xffe8</run_address>
         <size>0x2</size>
         <input_file_ref idref="fl-3a"/>
      </object_component>
      <object_component id="oc-74">
         <name>.int49</name>
         <load_address>0xffea</load_address>
         <run_address>0xffea</run_address>
         <size>0x2</size>
         <input_file_ref idref="fl-3b"/>
      </object_component>
      <object_component id="oc-75">
         <name>.int50</name>
         <load_address>0xffec</load_address>
         <run_address>0xffec</run_address>
         <size>0x2</size>
         <input_file_ref idref="fl-3c"/>
      </object_component>
      <object_component id="oc-76">
         <name>.int51</name>
         <load_address>0xffee</load_address>
         <run_address>0xffee</run_address>
         <size>0x2</size>
         <input_file_ref idref="fl-3d"/>
      </object_component>
      <object_component id="oc-77">
         <name>.int52</name>
         <load_address>0xfff0</load_address>
         <run_address>0xfff0</run_address>
         <size>0x2</size>
         <input_file_ref idref="fl-3e"/>
      </object_component>
      <object_component id="oc-78">
         <name>.int53</name>
         <load_address>0xfff2</load_address>
         <run_address>0xfff2</run_address>
         <size>0x2</size>
         <input_file_ref idref="fl-3f"/>
      </object_component>
      <object_component id="oc-79">
         <name>.int54</name>
         <load_address>0xfff4</load_address>
         <run_address>0xfff4</run_address>
         <size>0x2</size>
         <input_file_ref idref="fl-40"/>
      </object_component>
      <object_component id="oc-7a">
         <name>.int55</name>
         <load_address>0xfff6</load_address>
         <run_address>0xfff6</run_address>
         <size>0x2</size>
         <input_file_ref idref="fl-41"/>
      </object_component>
      <object_component id="oc-7b">
         <name>.int56</name>
         <load_address>0xfff8</load_address>
         <run_address>0xfff8</run_address>
         <size>0x2</size>
         <input_file_ref idref="fl-42"/>
      </object_component>
      <object_component id="oc-7c">
         <name>.int57</name>
         <load_address>0xfffa</load_address>
         <run_address>0xfffa</run_address>
         <size>0x2</size>
         <input_file_ref idref="fl-43"/>
      </object_component>
      <object_component id="oc-7d">
         <name>.int58</name>
         <load_address>0xfffc</load_address>
         <run_address>0xfffc</run_address>
         <size>0x2</size>
         <input_file_ref idref="fl-44"/>
      </object_component>
      <object_component id="oc-27e">
         <name>.reset</name>
         <load_address>0xfffe</load_address>
         <run_address>0xfffe</run_address>
         <size>0x2</size>
         <input_file_ref idref="fl-49"/>
      </object_component>
      <object_component id="oc-345">
         <name>.debug_info</name>
         <load_address>0x0</load_address>
         <run_address>0x0</run_address>
         <size>0x50b</size>
         <input_file_ref idref="fl-2"/>
      </object_component>
      <object_component id="oc-342">
         <name>.debug_info</name>
         <load_address>0x50b</load_address>
         <run_address>0x50b</run_address>
         <size>0xd2</size>
         <input_file_ref idref="fl-2"/>
      </object_component>
      <object_component id="oc-309">
         <name>.debug_info</name>
         <load_address>0x5dd</load_address>
         <run_address>0x5dd</run_address>
         <size>0x2c1</size>
         <input_file_ref idref="fl-2"/>
      </object_component>
      <object_component id="oc-2ef">
         <name>.debug_info</name>
         <load_address>0x89e</load_address>
         <run_address>0x89e</run_address>
         <size>0x190</size>
         <input_file_ref idref="fl-2"/>
      </object_component>
      <object_component id="oc-29f">
         <name>.debug_info</name>
         <load_address>0xa2e</load_address>
         <run_address>0xa2e</run_address>
         <size>0x167</size>
         <input_file_ref idref="fl-2"/>
      </object_component>
      <object_component id="oc-3da">
         <name>.debug_info</name>
         <load_address>0xb95</load_address>
         <run_address>0xb95</run_address>
         <size>0x26b</size>
         <input_file_ref idref="fl-2"/>
      </object_component>
      <object_component id="oc-3d5">
         <name>.debug_info</name>
         <load_address>0xe00</load_address>
         <run_address>0xe00</run_address>
         <size>0x8b</size>
         <input_file_ref idref="fl-2"/>
      </object_component>
      <object_component id="oc-3ff">
         <name>.debug_info</name>
         <load_address>0xe8b</load_address>
         <run_address>0xe8b</run_address>
         <size>0x275</size>
         <input_file_ref idref="fl-2"/>
      </object_component>
      <object_component id="oc-359">
         <name>.debug_info</name>
         <load_address>0x1100</load_address>
         <run_address>0x1100</run_address>
         <size>0xbb</size>
         <input_file_ref idref="fl-2"/>
      </object_component>
      <object_component id="oc-288">
         <name>.debug_info</name>
         <load_address>0x11bb</load_address>
         <run_address>0x11bb</run_address>
         <size>0x84</size>
         <input_file_ref idref="fl-4"/>
      </object_component>
      <object_component id="oc-35e">
         <name>.debug_info</name>
         <load_address>0x123f</load_address>
         <run_address>0x123f</run_address>
         <size>0x167</size>
         <input_file_ref idref="fl-c"/>
      </object_component>
      <object_component id="oc-356">
         <name>.debug_info</name>
         <load_address>0x13a6</load_address>
         <run_address>0x13a6</run_address>
         <size>0xf5</size>
         <input_file_ref idref="fl-c"/>
      </object_component>
      <object_component id="oc-336">
         <name>.debug_info</name>
         <load_address>0x149b</load_address>
         <run_address>0x149b</run_address>
         <size>0x204</size>
         <input_file_ref idref="fl-c"/>
      </object_component>
      <object_component id="oc-34f">
         <name>.debug_info</name>
         <load_address>0x169f</load_address>
         <run_address>0x169f</run_address>
         <size>0x206</size>
         <input_file_ref idref="fl-c"/>
      </object_component>
      <object_component id="oc-36d">
         <name>.debug_info</name>
         <load_address>0x18a5</load_address>
         <run_address>0x18a5</run_address>
         <size>0x252</size>
         <input_file_ref idref="fl-c"/>
      </object_component>
      <object_component id="oc-367">
         <name>.debug_info</name>
         <load_address>0x1af7</load_address>
         <run_address>0x1af7</run_address>
         <size>0x1fb</size>
         <input_file_ref idref="fl-c"/>
      </object_component>
      <object_component id="oc-379">
         <name>.debug_info</name>
         <load_address>0x1cf2</load_address>
         <run_address>0x1cf2</run_address>
         <size>0x220</size>
         <input_file_ref idref="fl-c"/>
      </object_component>
      <object_component id="oc-373">
         <name>.debug_info</name>
         <load_address>0x1f12</load_address>
         <run_address>0x1f12</run_address>
         <size>0x248</size>
         <input_file_ref idref="fl-c"/>
      </object_component>
      <object_component id="oc-33c">
         <name>.debug_info</name>
         <load_address>0x215a</load_address>
         <run_address>0x215a</run_address>
         <size>0x206</size>
         <input_file_ref idref="fl-c"/>
      </object_component>
      <object_component id="oc-37f">
         <name>.debug_info</name>
         <load_address>0x2360</load_address>
         <run_address>0x2360</run_address>
         <size>0x200</size>
         <input_file_ref idref="fl-c"/>
      </object_component>
      <object_component id="oc-2f6">
         <name>.debug_info</name>
         <load_address>0x2560</load_address>
         <run_address>0x2560</run_address>
         <size>0x1fe</size>
         <input_file_ref idref="fl-c"/>
      </object_component>
      <object_component id="oc-385">
         <name>.debug_info</name>
         <load_address>0x275e</load_address>
         <run_address>0x275e</run_address>
         <size>0x14b</size>
         <input_file_ref idref="fl-10"/>
      </object_component>
      <object_component id="oc-407">
         <name>.debug_info</name>
         <load_address>0x28a9</load_address>
         <run_address>0x28a9</run_address>
         <size>0x15a</size>
         <input_file_ref idref="fl-19"/>
      </object_component>
      <object_component id="oc-361">
         <name>.debug_info</name>
         <load_address>0x2a03</load_address>
         <run_address>0x2a03</run_address>
         <size>0x187</size>
         <input_file_ref idref="fl-19"/>
      </object_component>
      <object_component id="oc-515">
         <name>.debug_info</name>
         <load_address>0x2b8a</load_address>
         <run_address>0x2b8a</run_address>
         <size>0x124</size>
         <input_file_ref idref="fl-35"/>
      </object_component>
      <object_component id="oc-29a">
         <name>.debug_info</name>
         <load_address>0x2cae</load_address>
         <run_address>0x2cae</run_address>
         <size>0x112</size>
         <input_file_ref idref="fl-45"/>
      </object_component>
      <object_component id="oc-27c">
         <name>.debug_info</name>
         <load_address>0x2dc0</load_address>
         <run_address>0x2dc0</run_address>
         <size>0x100</size>
         <input_file_ref idref="fl-49"/>
      </object_component>
      <object_component id="oc-2b8">
         <name>.debug_info</name>
         <load_address>0x2ec0</load_address>
         <run_address>0x2ec0</run_address>
         <size>0x17a</size>
         <input_file_ref idref="fl-49"/>
      </object_component>
      <object_component id="oc-421">
         <name>.debug_info</name>
         <load_address>0x303a</load_address>
         <run_address>0x303a</run_address>
         <size>0x4a8</size>
         <input_file_ref idref="fl-4a"/>
      </object_component>
      <object_component id="oc-3b2">
         <name>.debug_info</name>
         <load_address>0x34e2</load_address>
         <run_address>0x34e2</run_address>
         <size>0x216</size>
         <input_file_ref idref="fl-4a"/>
      </object_component>
      <object_component id="oc-485">
         <name>.debug_info</name>
         <load_address>0x36f8</load_address>
         <run_address>0x36f8</run_address>
         <size>0x39</size>
         <input_file_ref idref="fl-4a"/>
      </object_component>
      <object_component id="oc-49c">
         <name>.debug_info</name>
         <load_address>0x3731</load_address>
         <run_address>0x3731</run_address>
         <size>0x2c</size>
         <input_file_ref idref="fl-4a"/>
      </object_component>
      <object_component id="oc-42c">
         <name>.debug_info</name>
         <load_address>0x375d</load_address>
         <run_address>0x375d</run_address>
         <size>0x2c</size>
         <input_file_ref idref="fl-4a"/>
      </object_component>
      <object_component id="oc-48a">
         <name>.debug_info</name>
         <load_address>0x3789</load_address>
         <run_address>0x3789</run_address>
         <size>0xcd</size>
         <input_file_ref idref="fl-4a"/>
      </object_component>
      <object_component id="oc-2a7">
         <name>.debug_info</name>
         <load_address>0x3856</load_address>
         <run_address>0x3856</run_address>
         <size>0x1d3</size>
         <input_file_ref idref="fl-4b"/>
      </object_component>
      <object_component id="oc-2fc">
         <name>.debug_info</name>
         <load_address>0x3a29</load_address>
         <run_address>0x3a29</run_address>
         <size>0x46</size>
         <input_file_ref idref="fl-4b"/>
      </object_component>
      <object_component id="oc-326">
         <name>.debug_info</name>
         <load_address>0x3a6f</load_address>
         <run_address>0x3a6f</run_address>
         <size>0x2c</size>
         <input_file_ref idref="fl-4c"/>
      </object_component>
      <object_component id="oc-303">
         <name>.debug_info</name>
         <load_address>0x3a9b</load_address>
         <run_address>0x3a9b</run_address>
         <size>0x153</size>
         <input_file_ref idref="fl-4e"/>
      </object_component>
      <object_component id="oc-41d">
         <name>.debug_info</name>
         <load_address>0x3bee</load_address>
         <run_address>0x3bee</run_address>
         <size>0x150</size>
         <input_file_ref idref="fl-4f"/>
      </object_component>
      <object_component id="oc-298">
         <name>.debug_info</name>
         <load_address>0x3d3e</load_address>
         <run_address>0x3d3e</run_address>
         <size>0x1da</size>
         <input_file_ref idref="fl-50"/>
      </object_component>
      <object_component id="oc-6d">
         <name>.debug_info</name>
         <load_address>0x3f18</load_address>
         <run_address>0x3f18</run_address>
         <size>0x1f2</size>
         <input_file_ref idref="fl-50"/>
      </object_component>
      <object_component id="oc-293">
         <name>.debug_info</name>
         <load_address>0x410a</load_address>
         <run_address>0x410a</run_address>
         <size>0x46</size>
         <input_file_ref idref="fl-50"/>
      </object_component>
      <object_component id="oc-65">
         <name>.debug_info</name>
         <load_address>0x4150</load_address>
         <run_address>0x4150</run_address>
         <size>0x2b8</size>
         <input_file_ref idref="fl-51"/>
      </object_component>
      <object_component id="oc-330">
         <name>.debug_info</name>
         <load_address>0x4408</load_address>
         <run_address>0x4408</run_address>
         <size>0x46</size>
         <input_file_ref idref="fl-51"/>
      </object_component>
      <object_component id="oc-2e5">
         <name>.debug_info</name>
         <load_address>0x444e</load_address>
         <run_address>0x444e</run_address>
         <size>0x39</size>
         <input_file_ref idref="fl-51"/>
      </object_component>
      <object_component id="oc-283">
         <name>.debug_info</name>
         <load_address>0x4487</load_address>
         <run_address>0x4487</run_address>
         <size>0x60</size>
         <input_file_ref idref="fl-51"/>
      </object_component>
      <object_component id="oc-419">
         <name>.debug_info</name>
         <load_address>0x44e7</load_address>
         <run_address>0x44e7</run_address>
         <size>0x22e</size>
         <input_file_ref idref="fl-52"/>
      </object_component>
      <object_component id="oc-410">
         <name>.debug_info</name>
         <load_address>0x4715</load_address>
         <run_address>0x4715</run_address>
         <size>0x132</size>
         <input_file_ref idref="fl-52"/>
      </object_component>
      <object_component id="oc-38e">
         <name>.debug_info</name>
         <load_address>0x4847</load_address>
         <run_address>0x4847</run_address>
         <size>0x122</size>
         <input_file_ref idref="fl-52"/>
      </object_component>
      <object_component id="oc-393">
         <name>.debug_info</name>
         <load_address>0x4969</load_address>
         <run_address>0x4969</run_address>
         <size>0x197</size>
         <input_file_ref idref="fl-52"/>
      </object_component>
      <object_component id="oc-443">
         <name>.debug_info</name>
         <load_address>0x4b00</load_address>
         <run_address>0x4b00</run_address>
         <size>0x163</size>
         <input_file_ref idref="fl-53"/>
      </object_component>
      <object_component id="oc-3e0">
         <name>.debug_info</name>
         <load_address>0x4c63</load_address>
         <run_address>0x4c63</run_address>
         <size>0xff</size>
         <input_file_ref idref="fl-53"/>
      </object_component>
      <object_component id="oc-3f8">
         <name>.debug_info</name>
         <load_address>0x4d62</load_address>
         <run_address>0x4d62</run_address>
         <size>0x103</size>
         <input_file_ref idref="fl-53"/>
      </object_component>
      <object_component id="oc-43d">
         <name>.debug_info</name>
         <load_address>0x4e65</load_address>
         <run_address>0x4e65</run_address>
         <size>0x12e</size>
         <input_file_ref idref="fl-53"/>
      </object_component>
      <object_component id="oc-4ed">
         <name>.debug_info</name>
         <load_address>0x4f93</load_address>
         <run_address>0x4f93</run_address>
         <size>0x181</size>
         <input_file_ref idref="fl-55"/>
      </object_component>
      <object_component id="oc-495">
         <name>.debug_info</name>
         <load_address>0x5114</load_address>
         <run_address>0x5114</run_address>
         <size>0x17a</size>
         <input_file_ref idref="fl-55"/>
      </object_component>
      <object_component id="oc-3fb">
         <name>.debug_info</name>
         <load_address>0x528e</load_address>
         <run_address>0x528e</run_address>
         <size>0x2bd</size>
         <input_file_ref idref="fl-56"/>
      </object_component>
      <object_component id="oc-3ee">
         <name>.debug_info</name>
         <load_address>0x554b</load_address>
         <run_address>0x554b</run_address>
         <size>0x162</size>
         <input_file_ref idref="fl-56"/>
      </object_component>
      <object_component id="oc-3e8">
         <name>.debug_info</name>
         <load_address>0x56ad</load_address>
         <run_address>0x56ad</run_address>
         <size>0x166</size>
         <input_file_ref idref="fl-56"/>
      </object_component>
      <object_component id="oc-34c">
         <name>.debug_info</name>
         <load_address>0x5813</load_address>
         <run_address>0x5813</run_address>
         <size>0x184</size>
         <input_file_ref idref="fl-56"/>
      </object_component>
      <object_component id="oc-4e4">
         <name>.debug_info</name>
         <load_address>0x5997</load_address>
         <run_address>0x5997</run_address>
         <size>0x2c</size>
         <input_file_ref idref="fl-56"/>
      </object_component>
      <object_component id="oc-464">
         <name>.debug_info</name>
         <load_address>0x59c3</load_address>
         <run_address>0x59c3</run_address>
         <size>0x2c</size>
         <input_file_ref idref="fl-56"/>
      </object_component>
      <object_component id="oc-472">
         <name>.debug_info</name>
         <load_address>0x59ef</load_address>
         <run_address>0x59ef</run_address>
         <size>0xb2</size>
         <input_file_ref idref="fl-56"/>
      </object_component>
      <object_component id="oc-28e">
         <name>.debug_info</name>
         <load_address>0x5aa1</load_address>
         <run_address>0x5aa1</run_address>
         <size>0x124</size>
         <input_file_ref idref="fl-57"/>
      </object_component>
      <object_component id="oc-491">
         <name>.debug_info</name>
         <load_address>0x5bc5</load_address>
         <run_address>0x5bc5</run_address>
         <size>0x124</size>
         <input_file_ref idref="fl-58"/>
      </object_component>
      <object_component id="oc-47d">
         <name>.debug_info</name>
         <load_address>0x5ce9</load_address>
         <run_address>0x5ce9</run_address>
         <size>0x103</size>
         <input_file_ref idref="fl-59"/>
      </object_component>
      <object_component id="oc-416">
         <name>.debug_info</name>
         <load_address>0x5dec</load_address>
         <run_address>0x5dec</run_address>
         <size>0x11a</size>
         <input_file_ref idref="fl-59"/>
      </object_component>
      <object_component id="oc-413">
         <name>.debug_info</name>
         <load_address>0x5f06</load_address>
         <run_address>0x5f06</run_address>
         <size>0x116</size>
         <input_file_ref idref="fl-59"/>
      </object_component>
      <object_component id="oc-463">
         <name>.debug_info</name>
         <load_address>0x601c</load_address>
         <run_address>0x601c</run_address>
         <size>0x39d</size>
         <input_file_ref idref="fl-5a"/>
      </object_component>
      <object_component id="oc-4cd">
         <name>.debug_info</name>
         <load_address>0x63b9</load_address>
         <run_address>0x63b9</run_address>
         <size>0x29b</size>
         <input_file_ref idref="fl-5a"/>
      </object_component>
      <object_component id="oc-45e">
         <name>.debug_info</name>
         <load_address>0x6654</load_address>
         <run_address>0x6654</run_address>
         <size>0x28f</size>
         <input_file_ref idref="fl-5a"/>
      </object_component>
      <object_component id="oc-3f3">
         <name>.debug_info</name>
         <load_address>0x68e3</load_address>
         <run_address>0x68e3</run_address>
         <size>0x308</size>
         <input_file_ref idref="fl-5a"/>
      </object_component>
      <object_component id="oc-469">
         <name>.debug_info</name>
         <load_address>0x6beb</load_address>
         <run_address>0x6beb</run_address>
         <size>0x86</size>
         <input_file_ref idref="fl-5a"/>
      </object_component>
      <object_component id="oc-4df">
         <name>.debug_info</name>
         <load_address>0x6c71</load_address>
         <run_address>0x6c71</run_address>
         <size>0x39</size>
         <input_file_ref idref="fl-5a"/>
      </object_component>
      <object_component id="oc-4da">
         <name>.debug_info</name>
         <load_address>0x6caa</load_address>
         <run_address>0x6caa</run_address>
         <size>0x2c</size>
         <input_file_ref idref="fl-5a"/>
      </object_component>
      <object_component id="oc-446">
         <name>.debug_info</name>
         <load_address>0x6cd6</load_address>
         <run_address>0x6cd6</run_address>
         <size>0x13e</size>
         <input_file_ref idref="fl-5b"/>
      </object_component>
      <object_component id="oc-3e3">
         <name>.debug_info</name>
         <load_address>0x6e14</load_address>
         <run_address>0x6e14</run_address>
         <size>0x102</size>
         <input_file_ref idref="fl-5b"/>
      </object_component>
      <object_component id="oc-574">
         <name>.debug_info</name>
         <load_address>0x6f16</load_address>
         <run_address>0x6f16</run_address>
         <size>0x10a</size>
         <input_file_ref idref="fl-5b"/>
      </object_component>
      <object_component id="oc-4c1">
         <name>.debug_info</name>
         <load_address>0x7020</load_address>
         <run_address>0x7020</run_address>
         <size>0x25b</size>
         <input_file_ref idref="fl-5c"/>
      </object_component>
      <object_component id="oc-450">
         <name>.debug_info</name>
         <load_address>0x727b</load_address>
         <run_address>0x727b</run_address>
         <size>0x1d0</size>
         <input_file_ref idref="fl-5c"/>
      </object_component>
      <object_component id="oc-4bf">
         <name>.debug_info</name>
         <load_address>0x744b</load_address>
         <run_address>0x744b</run_address>
         <size>0x2d4</size>
         <input_file_ref idref="fl-5d"/>
      </object_component>
      <object_component id="oc-449">
         <name>.debug_info</name>
         <load_address>0x771f</load_address>
         <run_address>0x771f</run_address>
         <size>0x2c7</size>
         <input_file_ref idref="fl-5d"/>
      </object_component>
      <object_component id="oc-51b">
         <name>.debug_info</name>
         <load_address>0x79e6</load_address>
         <run_address>0x79e6</run_address>
         <size>0x16e</size>
         <input_file_ref idref="fl-5e"/>
      </object_component>
      <object_component id="oc-4d5">
         <name>.debug_info</name>
         <load_address>0x7b54</load_address>
         <run_address>0x7b54</run_address>
         <size>0x1b6</size>
         <input_file_ref idref="fl-5e"/>
      </object_component>
      <object_component id="oc-504">
         <name>.debug_info</name>
         <load_address>0x7d0a</load_address>
         <run_address>0x7d0a</run_address>
         <size>0x178</size>
         <input_file_ref idref="fl-5f"/>
      </object_component>
      <object_component id="oc-4ad">
         <name>.debug_info</name>
         <load_address>0x7e82</load_address>
         <run_address>0x7e82</run_address>
         <size>0x256</size>
         <input_file_ref idref="fl-5f"/>
      </object_component>
      <object_component id="oc-513">
         <name>.debug_info</name>
         <load_address>0x80d8</load_address>
         <run_address>0x80d8</run_address>
         <size>0x16d</size>
         <input_file_ref idref="fl-60"/>
      </object_component>
      <object_component id="oc-4c7">
         <name>.debug_info</name>
         <load_address>0x8245</load_address>
         <run_address>0x8245</run_address>
         <size>0x27b</size>
         <input_file_ref idref="fl-60"/>
      </object_component>
      <object_component id="oc-4c3">
         <name>.debug_info</name>
         <load_address>0x84c0</load_address>
         <run_address>0x84c0</run_address>
         <size>0x162</size>
         <input_file_ref idref="fl-61"/>
      </object_component>
      <object_component id="oc-457">
         <name>.debug_info</name>
         <load_address>0x8622</load_address>
         <run_address>0x8622</run_address>
         <size>0x236</size>
         <input_file_ref idref="fl-61"/>
      </object_component>
      <object_component id="oc-50b">
         <name>.debug_info</name>
         <load_address>0x8858</load_address>
         <run_address>0x8858</run_address>
         <size>0x3a8</size>
         <input_file_ref idref="fl-62"/>
      </object_component>
      <object_component id="oc-546">
         <name>.debug_info</name>
         <load_address>0x8c00</load_address>
         <run_address>0x8c00</run_address>
         <size>0x103</size>
         <input_file_ref idref="fl-62"/>
      </object_component>
      <object_component id="oc-508">
         <name>.debug_info</name>
         <load_address>0x8d03</load_address>
         <run_address>0x8d03</run_address>
         <size>0x103</size>
         <input_file_ref idref="fl-62"/>
      </object_component>
      <object_component id="oc-4b9">
         <name>.debug_info</name>
         <load_address>0x8e06</load_address>
         <run_address>0x8e06</run_address>
         <size>0x189</size>
         <input_file_ref idref="fl-62"/>
      </object_component>
      <object_component id="oc-54c">
         <name>.debug_info</name>
         <load_address>0x8f8f</load_address>
         <run_address>0x8f8f</run_address>
         <size>0x120</size>
         <input_file_ref idref="fl-62"/>
      </object_component>
      <object_component id="oc-551">
         <name>.debug_info</name>
         <load_address>0x90af</load_address>
         <run_address>0x90af</run_address>
         <size>0x2c</size>
         <input_file_ref idref="fl-62"/>
      </object_component>
      <object_component id="oc-502">
         <name>.debug_info</name>
         <load_address>0x90db</load_address>
         <run_address>0x90db</run_address>
         <size>0x1d8</size>
         <input_file_ref idref="fl-64"/>
      </object_component>
      <object_component id="oc-4a7">
         <name>.debug_info</name>
         <load_address>0x92b3</load_address>
         <run_address>0x92b3</run_address>
         <size>0x196</size>
         <input_file_ref idref="fl-64"/>
      </object_component>
      <object_component id="oc-53a">
         <name>.debug_info</name>
         <load_address>0x9449</load_address>
         <run_address>0x9449</run_address>
         <size>0xbf</size>
         <input_file_ref idref="fl-64"/>
      </object_component>
      <object_component id="oc-506">
         <name>.debug_info</name>
         <load_address>0x9508</load_address>
         <run_address>0x9508</run_address>
         <size>0x21f</size>
         <input_file_ref idref="fl-65"/>
      </object_component>
      <object_component id="oc-4b4">
         <name>.debug_info</name>
         <load_address>0x9727</load_address>
         <run_address>0x9727</run_address>
         <size>0x184</size>
         <input_file_ref idref="fl-65"/>
      </object_component>
      <object_component id="oc-525">
         <name>.debug_info</name>
         <load_address>0x98ab</load_address>
         <run_address>0x98ab</run_address>
         <size>0x1fc</size>
         <input_file_ref idref="fl-66"/>
      </object_component>
      <object_component id="oc-4f6">
         <name>.debug_info</name>
         <load_address>0x9aa7</load_address>
         <run_address>0x9aa7</run_address>
         <size>0x1e9</size>
         <input_file_ref idref="fl-66"/>
      </object_component>
      <object_component id="oc-55c">
         <name>.debug_info</name>
         <load_address>0x9c90</load_address>
         <run_address>0x9c90</run_address>
         <size>0x26f</size>
         <input_file_ref idref="fl-67"/>
      </object_component>
      <object_component id="oc-520">
         <name>.debug_info</name>
         <load_address>0x9eff</load_address>
         <run_address>0x9eff</run_address>
         <size>0x194</size>
         <input_file_ref idref="fl-67"/>
      </object_component>
      <object_component id="oc-539">
         <name>.debug_info</name>
         <load_address>0xa093</load_address>
         <run_address>0xa093</run_address>
         <size>0x24c</size>
         <input_file_ref idref="fl-68"/>
      </object_component>
      <object_component id="oc-4fc">
         <name>.debug_info</name>
         <load_address>0xa2df</load_address>
         <run_address>0xa2df</run_address>
         <size>0x1fe</size>
         <input_file_ref idref="fl-68"/>
      </object_component>
      <object_component id="oc-5ce">
         <name>.debug_info</name>
         <load_address>0xa4dd</load_address>
         <run_address>0xa4dd</run_address>
         <size>0x24b</size>
         <input_file_ref idref="fl-69"/>
      </object_component>
[...]
      </symbol>
      <symbol id="sm-1f7">
         <name>UCB0IFG_H</name>
         <value>0x56d</value>
      </symbol>
      <symbol id="sm-1f8">
         <name>UCB0IV</name>
         <value>0x56e</value>
      </symbol>
      <symbol id="sm-1f9">
         <name>WDTCTL</name>
         <value>0x1cc</value>
      </symbol>
      <symbol id="sm-1fa">
         <name>WDTCTL_L</name>
         <value>0x1cc</value>
      </symbol>
      <symbol id="sm-1fb">
         <name>WDTCTL_H</name>
         <value>0x1cd</value>
      </symbol>
      <symbol id="sm-1fc">
         <name>__TI_CINIT_Base</name>
         <value>0xc554</value>
      </symbol>
      <symbol id="sm-1fd">
         <name>__TI_CINIT_Limit</name>
         <value>0xc564</value>
      </symbol>
      <symbol id="sm-1fe">
         <name>__TI_Handler_Table_Base</name>
         <value>0xc542</value>
      </symbol>
      <symbol id="sm-1ff">
         <name>__TI_Handler_Table_Limit</name>
         <value>0xc54e</value>
      </symbol>
      <symbol id="sm-200">
         <name>__STACK_SIZE</name>
         <value>0xa0</value>
      </symbol>
      <symbol id="sm-201">
         <name>__STACK_END</name>
         <value>0x2800</value>
      </symbol>
      <symbol id="sm-202">
         <name>__SYSMEM_SIZE</name>
         <value>0xa0</value>
      </symbol>
      <symbol id="sm-203">
         <name>__c_args__</name>
         <value>0xffffffff</value>
      </symbol>
      <symbol id="sm-204">
         <name>__TI_pprof_out_hndl</name>
         <value>0xffffffff</value>
      </symbol>
      <symbol id="sm-205">
         <name>__TI_prof_data_start</name>
         <value>0xffffffff</value>
      </symbol>
      <symbol id="sm-206">
         <name>__TI_prof_data_size</name>
         <value>0xffffffff</value>
      </symbol>
      <symbol id="sm-297">
         <name>pressedKey</name>
         <value>0x2308</value>
      </symbol>
      <symbol id="sm-298">
         <name>Key</name>
         <value>0xd15a</value>
         <object_component_ref idref="oc-2ee"/>
      </symbol>
      <symbol id="sm-299">
         <name>__TI_int47</name>
         <value>0xffe6</value>
         <object_component_ref idref="oc-72"/>
      </symbol>
      <symbol id="sm-29a">
         <name>PORT1_ISR</name>
         <value>0xd5fa</value>
         <object_component_ref idref="oc-29e"/>
      </symbol>
      <symbol id="sm-29b">
         <name>main</name>
         <value>0xcb94</value>
         <object_component_ref idref="oc-308"/>
      </symbol>
      <symbol id="sm-29c">
         <name>hexaKeys</name>
         <value>0x2118</value>
         <object_component_ref idref="oc-341"/>
      </symbol>
      <symbol id="sm-302">
         <name>GPIO_clearInterrupt</name>
         <value>0xd726</value>
         <object_component_ref idref="oc-2f4"/>
      </symbol>
      <symbol id="sm-303">
         <name>GPIO_setOutputHighOnPin</name>
         <value>0xd752</value>
         <object_component_ref idref="oc-34e"/>
      </symbol>
      <symbol id="sm-304">
         <name>GPIO_selectInterruptEdge</name>
         <value>0xd66a</value>
         <object_component_ref idref="oc-372"/>
      </symbol>
      <symbol id="sm-305">
         <name>GPIO_setAsInputPinWithPullUpResistor</name>
         <value>0xd5d4</value>
         <object_component_ref idref="oc-378"/>
      </symbol>
      <symbol id="sm-306">
         <name>GPIO_enableInterrupt</name>
         <value>0xd73c</value>
         <object_component_ref idref="oc-37e"/>
      </symbol>
      <symbol id="sm-307">
         <name>GPIO_setAsOutputPin</name>
         <value>0xd6c0</value>
         <object_component_ref idref="oc-366"/>
      </symbol>
      <symbol id="sm-308">
         <name>GPIO_setOutputLowOnPin</name>
         <value>0xd768</value>
         <object_component_ref idref="oc-335"/>
      </symbol>
      <symbol id="sm-309">
         <name>GPIO_getInputPinValue</name>
         <value>0xd6a6</value>
         <object_component_ref idref="oc-33b"/>
      </symbol>
      <symbol id="sm-30a">
         <name>GPIO_setAsPeripheralModuleFunctionInputPin</name>
         <value>0xd492</value>
         <object_component_ref idref="oc-36c"/>
      </symbol>
      <symbol id="sm-316">
         <name>PMM_unlockLPM5</name>
         <value>0xd81c</value>
         <object_component_ref idref="oc-384"/>
      </symbol>
      <symbol id="sm-32a">
         <name>WDT_A_hold</name>
         <value>0xd794</value>
         <object_component_ref idref="oc-360"/>
      </symbol>
      <symbol id="sm-335">
         <name>__mspabi_remu</name>
         <value>0xd77e</value>
         <object_component_ref idref="oc-514"/>
      </symbol>
      <symbol id="sm-336">
         <name>__mspabi_divu</name>
         <value>0xd77e</value>
         <object_component_ref idref="oc-514"/>
      </symbol>
      <symbol id="sm-33b">
         <name>__TI_int45</name>
         <value>0xffe2</value>
         <object_component_ref idref="oc-70"/>
      </symbol>
      <symbol id="sm-33e">
         <name>__TI_int46</name>
         <value>0xffe4</value>
         <object_component_ref idref="oc-71"/>
      </symbol>
      <symbol id="sm-341">
         <name>__TI_int48</name>
         <value>0xffe8</value>
         <object_component_ref idref="oc-73"/>
      </symbol>
      <symbol id="sm-344">
         <name>__TI_int49</name>
         <value>0xffea</value>
         <object_component_ref idref="oc-74"/>
      </symbol>
      <symbol id="sm-347">
         <name>__TI_int50</name>
         <value>0xffec</value>
         <object_component_ref idref="oc-75"/>
      </symbol>
      <symbol id="sm-34a">
         <name>__TI_int51</name>
         <value>0xffee</value>
         <object_component_ref idref="oc-76"/>
      </symbol>
      <symbol id="sm-34d">
         <name>__TI_int52</name>
         <value>0xfff0</value>
         <object_component_ref idref="oc-77"/>
      </symbol>
      <symbol id="sm-350">
         <name>__TI_int53</name>
         <value>0xfff2</value>
         <object_component_ref idref="oc-78"/>
      </symbol>
      <symbol id="sm-353">
         <name>__TI_int54</name>
         <value>0xfff4</value>
         <object_component_ref idref="oc-79"/>
      </symbol>
      <symbol id="sm-356">
         <name>__TI_int55</name>
         <value>0xfff6</value>
         <object_component_ref idref="oc-7a"/>
      </symbol>
      <symbol id="sm-359">
         <name>__TI_int56</name>
         <value>0xfff8</value>
         <object_component_ref idref="oc-7b"/>
      </symbol>
      <symbol id="sm-35c">
         <name>__TI_int57</name>
         <value>0xfffa</value>
         <object_component_ref idref="oc-7c"/>
      </symbol>
      <symbol id="sm-35f">
         <name>__TI_int58</name>
         <value>0xfffc</value>
         <object_component_ref idref="oc-7d"/>
      </symbol>
      <symbol id="sm-367">
         <name>__TI_ISR_TRAP</name>
         <value>0xd814</value>
         <object_component_ref idref="oc-299"/>
      </symbol>
      <symbol id="sm-37a">
         <name>_stack</name>
         <value>0x2760</value>
         <object_component_ref idref="oc-27b"/>
      </symbol>
      <symbol id="sm-37b">
         <name>_c_int00_noargs</name>
         <value>0xd68a</value>
         <object_component_ref idref="oc-2b6"/>
      </symbol>
      <symbol id="sm-37c">
         <name>_reset_vector</name>
         <value>0xfffe</value>
         <object_component_ref idref="oc-27e"/>
      </symbol>
      <symbol id="sm-39e">
         <name>__TI_auto_init_nobinit_nopinit_hold_wdt</name>
         <value>0xce9a</value>
         <object_component_ref idref="oc-3af"/>
      </symbol>
      <symbol id="sm-3ae">
         <name>__TI_zero_init_nomemset</name>
         <value>0xd3a2</value>
         <object_component_ref idref="oc-2a4"/>
      </symbol>
      <symbol id="sm-3be">
         <name>_system_pre_init</name>
         <value>0xd832</value>
         <object_component_ref idref="oc-302"/>
      </symbol>
      <symbol id="sm-3c7">
         <name>_system_post_cinit</name>
         <value>0xd838</value>
         <object_component_ref idref="oc-41a"/>
      </symbol>
      <symbol id="sm-3d8">
         <name>__TI_decompress_none</name>
         <value>0xd41e</value>
         <object_component_ref idref="oc-6a"/>
      </symbol>
      <symbol id="sm-3f9">
         <name>__TI_decompress_lzss</name>
         <value>0xc6a6</value>
         <object_component_ref idref="oc-64"/>
      </symbol>
      <symbol id="sm-416">
         <name>C$$EXIT</name>
         <value>0xd828</value>
         <object_component_ref idref="oc-38b"/>
      </symbol>
      <symbol id="sm-417">
         <name>abort</name>
         <value>0xd828</value>
         <object_component_ref idref="oc-38b"/>
      </symbol>
      <symbol id="sm-418">
         <name>__TI_enable_exit_profile_output</name>
         <value>0x2136</value>
         <object_component_ref idref="oc-40f"/>
      </symbol>
      <symbol id="sm-419">
         <name>exit</name>
         <value>0xd252</value>
         <object_component_ref idref="oc-391"/>
      </symbol>
      <symbol id="sm-42f">
         <name>_nop</name>
         <value>0xd836</value>
         <object_component_ref idref="oc-43b"/>
      </symbol>
      <symbol id="sm-430">
         <name>_lock</name>
         <value>0x212c</value>
         <object_component_ref idref="oc-3df"/>
      </symbol>
      <symbol id="sm-431">
         <name>_unlock</name>
         <value>0x2130</value>
         <object_component_ref idref="oc-3f7"/>
      </symbol>
      <symbol id="sm-440">
         <name>memcpy</name>
         <value>0xd7e4</value>
         <object_component_ref idref="oc-494"/>
      </symbol>
      <symbol id="sm-46d">
         <name>printf</name>
         <value>0xd362</value>
         <object_component_ref idref="oc-348"/>
      </symbol>
      <symbol id="sm-478">
         <name>__memcpy_far</name>
         <value>0xd322</value>
         <object_component_ref idref="oc-28d"/>
      </symbol>
      <symbol id="sm-482">
         <name>__mspabi_mpyi_sw</name>
         <value>0xd7d0</value>
         <object_component_ref idref="oc-48f"/>
      </symbol>
      <symbol id="sm-483">
         <name>__mspabi_mpyi</name>
         <value>0xd7d0</value>
         <object_component_ref idref="oc-48f"/>
      </symbol>
      <symbol id="sm-492">
         <name>__TI_dtors_ptr</name>
         <value>0x2128</value>
         <object_component_ref idref="oc-412"/>
      </symbol>
      <symbol id="sm-493">
         <name>__TI_cleanup_ptr</name>
         <value>0x2124</value>
         <object_component_ref idref="oc-415"/>
      </symbol>
      <symbol id="sm-4e1">
         <name>__TI_printfi_minimal</name>
         <value>0xc794</value>
         <object_component_ref idref="oc-3f1"/>
      </symbol>
      <symbol id="sm-4f1">
         <name>__TI_tmpnams</name>
         <value>0x225a</value>
      </symbol>
      <symbol id="sm-4f2">
         <name>_ftable</name>
         <value>0x2078</value>
         <object_component_ref idref="oc-3e2"/>
      </symbol>
      <symbol id="sm-4f3">
         <name>__TI_ft_end</name>
         <value>0x2134</value>
         <object_component_ref idref="oc-573"/>
      </symbol>
      <symbol id="sm-506">
         <name>putc</name>
         <value>0xcc28</value>
         <object_component_ref idref="oc-44f"/>
      </symbol>
      <symbol id="sm-507">
         <name>fputc</name>
         <value>0xcc28</value>
         <object_component_ref idref="oc-44f"/>
      </symbol>
      <symbol id="sm-51f">
         <name>fputs</name>
         <value>0xc878</value>
         <object_component_ref idref="oc-448"/>
      </symbol>
      <symbol id="sm-52e">
         <name>memccpy</name>
         <value>0xd6da</value>
         <object_component_ref idref="oc-4d1"/>
      </symbol>
      <symbol id="sm-53d">
         <name>memchr</name>
         <value>0xd7a8</value>
         <object_component_ref idref="oc-4ac"/>
      </symbol>
      <symbol id="sm-54b">
         <name>memset</name>
         <value>0xd7bc</value>
         <object_component_ref idref="oc-4c4"/>
      </symbol>
      <symbol id="sm-558">
         <name>strlen</name>
         <value>0xd806</value>
         <object_component_ref idref="oc-456"/>
      </symbol>
      <symbol id="sm-579">
         <name>_stream</name>
         <value>0x20f0</value>
         <object_component_ref idref="oc-507"/>
      </symbol>
      <symbol id="sm-57a">
         <name>_device</name>
         <value>0x2000</value>
         <object_component_ref idref="oc-545"/>
      </symbol>
      <symbol id="sm-57b">
         <name>write</name>
         <value>0xd646</value>
         <object_component_ref idref="oc-4b8"/>
      </symbol>
      <symbol id="sm-594">
         <name>__TI_wrt_ok</name>
         <value>0xcdb6</value>
         <object_component_ref idref="oc-4a6"/>
      </symbol>
      <symbol id="sm-5a5">
         <name>__TI_doflush</name>
         <value>0xd03a</value>
         <object_component_ref idref="oc-4b2"/>
      </symbol>
      <symbol id="sm-5b5">
         <name>fseek</name>
         <value>0xcf04</value>
         <object_component_ref idref="oc-4f5"/>
      </symbol>
      <symbol id="sm-5c2">
         <name>lseek</name>
         <value>0xd620</value>
         <object_component_ref idref="oc-51e"/>
      </symbol>
      <symbol id="sm-5da">
         <name>setvbuf</name>
         <value>0xc956</value>
         <object_component_ref idref="oc-4fb"/>
      </symbol>
      <symbol id="sm-5e6">
         <name>HOSTclose</name>
         <value>0xd29a</value>
         <object_component_ref idref="oc-57f"/>
      </symbol>
      <symbol id="sm-5f2">
         <name>HOSTlseek</name>
         <value>0xccb4</value>
         <object_component_ref idref="oc-591"/>
      </symbol>
      <symbol id="sm-600">
         <name>parmbuf</name>
         <value>0x22fa</value>
      </symbol>
      <symbol id="sm-601">
         <name>HOSTopen</name>
         <value>0xcfd6</value>
         <object_component_ref idref="oc-579"/>
      </symbol>
      <symbol id="sm-60e">
         <name>HOSTread</name>
         <value>0xd0fc</value>
         <object_component_ref idref="oc-585"/>
      </symbol>
      <symbol id="sm-61a">
         <name>HOSTrename</name>
         <value>0xce30</value>
         <object_component_ref idref="oc-59d"/>
      </symbol>
      <symbol id="sm-626">
         <name>HOSTunlink</name>
         <value>0xd2e0</value>
         <object_component_ref idref="oc-597"/>
      </symbol>
      <symbol id="sm-633">
         <name>HOSTwrite</name>
         <value>0xd09c</value>
         <object_component_ref idref="oc-58b"/>
      </symbol>
      <symbol id="sm-651">
         <name>__TI_readmsg</name>
         <value>0xd552</value>
         <object_component_ref idref="oc-5c6"/>
      </symbol>
      <symbol id="sm-652">
         <name>C$$IO$$</name>
         <value>0xd520</value>
         <object_component_ref idref="oc-5c0"/>
      </symbol>
      <symbol id="sm-653">
         <name>_CIOBUF_</name>
         <value>0x213a</value>
         <object_component_ref idref="oc-5f2"/>
      </symbol>
      <symbol id="sm-654">
         <name>__TI_writemsg</name>
         <value>0xd4f6</value>
         <object_component_ref idref="oc-5c0"/>
      </symbol>
      <symbol id="sm-65c">
         <name>__mspabi_slll_9</name>
         <value>0xd3f8</value>
         <object_component_ref idref="oc-5d3"/>
      </symbol>
      <symbol id="sm-65d">
         <name>__mspabi_slll_8</name>
         <value>0xd3fc</value>
         <object_component_ref idref="oc-5d3"/>
      </symbol>
      <symbol id="sm-65e">
         <name>__mspabi_slll_7</name>
         <value>0xd400</value>
         <object_component_ref idref="oc-5d3"/>
      </symbol>
      <symbol id="sm-65f">
         <name>__mspabi_slll_6</name>
         <value>0xd404</value>
         <object_component_ref idref="oc-5d3"/>
      </symbol>
      <symbol id="sm-660">
         <name>__mspabi_slll_5</name>
         <value>0xd408</value>
         <object_component_ref idref="oc-5d3"/>
      </symbol>
      <symbol id="sm-661">
         <name>__mspabi_slll_4</name>
         <value>0xd40c</value>
         <object_component_ref idref="oc-5d3"/>
      </symbol>
      <symbol id="sm-662">
         <name>__mspabi_slll_3</name>
         <value>0xd410</value>
         <object_component_ref idref="oc-5d3"/>
      </symbol>
      <symbol id="sm-663">
         <name>__mspabi_slll_2</name>
         <value>0xd414</value>
         <object_component_ref idref="oc-5d3"/>
      </symbol>
      <symbol id="sm-664">
         <name>__mspabi_slll_1</name>
         <value>0xd418</value>
         <object_component_ref idref="oc-5d3"/>
      </symbol>
      <symbol id="sm-665">
         <name>__mspabi_slll_15</name>
         <value>0xd3e0</value>
         <object_component_ref idref="oc-5d3"/>
      </symbol>
      <symbol id="sm-666">
         <name>__mspabi_slll_14</name>
         <value>0xd3e4</value>
         <object_component_ref idref="oc-5d3"/>
      </symbol>
      <symbol id="sm-667">
         <name>__mspabi_slll_13</name>
         <value>0xd3e8</value>
         <object_component_ref idref="oc-5d3"/>
      </symbol>
      <symbol id="sm-668">
         <name>__mspabi_slll_12</name>
         <value>0xd3ec</value>
         <object_component_ref idref="oc-5d3"/>
      </symbol>
      <symbol id="sm-669">
         <name>__mspabi_slll_11</name>
         <value>0xd3f0</value>
         <object_component_ref idref="oc-5d3"/>
      </symbol>
      <symbol id="sm-66a">
         <name>__mspabi_slll_10</name>
         <value>0xd3f4</value>
         <object_component_ref idref="oc-5d3"/>
      </symbol>
      <symbol id="sm-6bb">
         <name>_sys_memory</name>
         <value>0x230c</value>
         <object_component_ref idref="oc-27f"/>
      </symbol>
      <symbol id="sm-6bc">
         <name>free</name>
         <value>0xcd36</value>
         <object_component_ref idref="oc-526"/>
      </symbol>
      <symbol id="sm-6bd">
         <name>malloc</name>
         <value>0xcae6</value>
         <object_component_ref idref="oc-52c"/>
      </symbol>
      <symbol id="sm-6be">
         <name>minit</name>
         <value>0xd45a</value>
         <object_component_ref idref="oc-566"/>
      </symbol>
      <symbol id="sm-6ca">
         <name>__TI_cleanup</name>
         <value>0xd4c4</value>
         <object_component_ref idref="oc-532"/>
      </symbol>
      <symbol id="sm-6d8">
         <name>strcpy</name>
         <value>0xd7f6</value>
         <object_component_ref idref="oc-5dc"/>
      </symbol>
      <symbol id="sm-6e9">
         <name>__TI_closefile</name>
         <value>0xcf6e</value>
         <object_component_ref idref="oc-56d"/>
      </symbol>
      <symbol id="sm-708">
         <name>finddevice</name>
         <value>0xd524</value>
         <object_component_ref idref="oc-615"/>
      </symbol>
      <symbol id="sm-709">
         <name>getdevice</name>
         <value>0xd1b4</value>
         <object_component_ref idref="oc-5e6"/>
      </symbol>
      <symbol id="sm-719">
         <name>strchr</name>
         <value>0xd6f4</value>
         <object_component_ref idref="oc-609"/>
      </symbol>
      <symbol id="sm-727">
         <name>strcmp</name>
         <value>0xd70e</value>
         <object_component_ref idref="oc-62e"/>
      </symbol>
      <symbol id="sm-737">
         <name>strncpy</name>
         <value>0xd57e</value>
         <object_component_ref idref="oc-60f"/>
      </symbol>
      <symbol id="sm-743">
         <name>unlink</name>
         <value>0xd5aa</value>
         <object_component_ref idref="oc-5b3"/>
      </symbol>
      <symbol id="sm-755">
         <name>close</name>
         <value>0xd208</value>
         <object_component_ref idref="oc-5ac"/>
      </symbol>
      <symbol id="sm-759">
         <name>remove</name>
         <value>0xd5aa</value>
      </symbol>
   </symbol_table>
   <title>Link successful</title>
</link_info>
